03-17 15:58:08.547 7875-15340/com.qtec.router W/System.err:     at android.os.Handler.dispatchMessage(Handler.java:111)
03-17 15:58:08.547 7875-15340/com.qtec.router W/System.err:     at android.os.Looper.loop(Looper.java:207)
03-17 15:58:08.547 7875-15340/com.qtec.router W/System.err:     at com.fernandocejas.android10.sample.presentation.sambalib.nativefacade.SambaMessageLooper.prepare(SambaMessageLooper.java:75)
03-17 15:58:08.550 7875-15340/com.qtec.router W/System.err:     at com.fernandocejas.android10.sample.presentation.sambalib.nativefacade.SambaMessageLooper.access$000(SambaMessageLooper.java:24)
03-17 15:58:08.550 7875-15340/com.qtec.router W/System.err:     at com.fernandocejas.android10.sample.presentation.sambalib.nativefacade.SambaMessageLooper$1.run(SambaMessageLooper.java:29)
03-17 15:58:08.550 7875-15340/com.qtec.router W/System.err:     at java.lang.Thread.run(Thread.java:818)
03-17 15:58:08.552 7875-15340/com.qtec.router I/System.out: 图片备份11：上传发生异常 导致暂停 isStopRestorePicture = true
03-17 15:58:08.554 7875-15340/com.qtec.router I/System.out: 图片备份定时器: stopPicRestoreTimer
03-17 15:58:08.658 7875-15345/com.qtec.router I/System.out: 图片备份定时器: startPicRestoreTimer
03-17 15:58:08.670 7875-7925/com.qtec.router E/NativeSambaClient: Failed to create a file at smb://192.168.1.1/qtec/来自：RedmiNote4/https:www.lgstatic.comiimage3M0025F7CgpOIFqX1CKARycCAAM9aninCk8197.JPG. Errno: 2.
03-17 15:58:08.671 7875-15348/com.qtec.router W/System.err: java.io.FileNotFoundException: Missing parent folders of smb://192.168.1.1/qtec/来自：RedmiNote4/https:www.lgstatic.comiimage3M0025F7CgpOIFqX1CKARycCAAM9aninCk8197.JPG
03-17 15:58:08.672 7875-15348/com.qtec.router W/System.err:     at com.fernandocejas.android10.sample.presentation.sambalib.nativefacade.NativeSambaFacade.createFile(Native Method)
03-17 15:58:08.672 7875-15348/com.qtec.router W/System.err:     at com.fernandocejas.android10.sample.presentation.sambalib.nativefacade.NativeSambaFacade.createFile(NativeSambaFacade.java:81)
03-17 15:58:08.672 7875-15348/com.qtec.router W/System.err:     at com.fernandocejas.android10.sample.presentation.sambalib.nativefacade.SambaFacadeClient$SambaServiceHandler.processMessage(SambaFacadeClient.java:204)
03-17 15:58:08.672 7875-15348/com.qtec.router W/System.err:     at com.fernandocejas.android10.sample.presentation.sambalib.nativefacade.BaseClient$BaseHandler.handleMessage(BaseClient.java:51)
03-17 15:58:08.672 7875-15348/com.qtec.router W/System.err:     at android.os.Handler.dispatchMessage(Handler.java:111)
03-17 15:58:08.672 7875-15348/com.qtec.router W/System.err:     at android.os.Looper.loop(Looper.java:207)
03-17 15:58:08.672 7875-15348/com.qtec.router W/System.err:     at com.fernandocejas.android10.sample.presentation.sambalib.nativefacade.SambaMessageLooper.prepare(SambaMessageLooper.java:75)
03-17 15:58:08.672 7875-15348/com.qtec.router W/System.err:     at com.fernandocejas.android10.sample.presentation.sambalib.nativefacade.SambaMessageLooper.access$000(SambaMessageLooper.java:24)
03-17 15:58:08.672 7875-15348/com.qtec.router W/System.err:     at com.fernandocejas.android10.sample.presentation.sambalib.nativefacade.SambaMessageLooper$1.run(SambaMessageLooper.java:29)
03-17 15:58:08.672 7875-15348/com.qtec.router W/System.err:     at java.lang.Thread.run(Thread.java:818)
03-17 15:58:08.673 7875-7875/com.qtec.router W/System.err: java.lang.IllegalStateException: TimerTask is scheduled already
03-17 15:58:08.673 7875-7875/com.qtec.router W/System.err:     at java.util.Timer.scheduleImpl(Timer.java:569)
03-17 15:58:08.674 7875-7875/com.qtec.router W/System.err:     at java.util.Timer.schedule(Timer.java:478)
03-17 15:58:08.674 7875-7875/com.qtec.router W/System.err:     at com.fernandocejas.android10.sample.presentation.view.device.router.tools.safestore.utils.UploadUtils.startPicRestoreTimer(UploadUtils.java:156)
03-17 15:58:08.674 7875-7875/com.qtec.router W/System.err:     at com.fernandocejas.android10.sample.presentation.view.device.router.tools.safestore.UploadFragment$4.run(UploadFragment.java:375)
03-17 15:58:08.674 7875-7875/com.qtec.router W/System.err:     at android.os.Handler.handleCallback(Handler.java:815)
03-17 15:58:08.674 7875-7875/com.qtec.router W/System.err:     at android.os.Handler.dispatchMessage(Handler.java:104)
03-17 15:58:08.674 7875-7875/com.qtec.router W/System.err:     at android.os.Looper.loop(Looper.java:207)
03-17 15:58:08.674 7875-7875/com.qtec.router W/System.err:     at android.app.ActivityThread.main(ActivityThread.java:5710)
03-17 15:58:08.674 7875-7875/com.qtec.router W/System.err:     at java.lang.reflect.Method.invoke(Native Method)
03-17 15:58:08.674 7875-7875/com.qtec.router W/System.err:     at com.android.internal.os.ZygoteInit$MethodAndArgsCaller.run(ZygoteInit.java:900)
03-17 15:58:08.674 7875-7875/com.qtec.router W/System.err:     at com.android.internal.os.ZygoteInit.main(ZygoteInit.java:761)
03-17 15:58:08.682 7875-15348/com.qtec.router I/System.out: 图片备份11：上传发生异常 导致暂停 isStopRestorePicture = true
03-17 15:58:08.684 7875-15348/com.qtec.router I/System.out: 图片备份定时器: stopPicRestoreTimer
03-17 15:58:08.799 7875-15351/com.qtec.router I/System.out: 图片备份定时器: startPicRestoreTimer
03-17 15:58:08.809 7875-7925/com.qtec.router E/NativeSambaClient: Failed to create a file at smb://192.168.1.1/qtec/来自：RedmiNote4/https:www.lgstatic.comiimage3M0025F7CgpOIFqX1CKARycCAAM9aninCk8197.JPG. Errno: 2.
03-17 15:58:08.811 7875-15352/com.qtec.router W/System.err: java.io.FileNotFoundException: Missing parent folders of smb://192.168.1.1/qtec/来自：RedmiNote4/https:www.lgstatic.comiimage3M0025F7CgpOIFqX1CKARycCAAM9aninCk8197.JPG
03-17 15:58:08.811 7875-7875/com.qtec.router W/System.err: java.lang.IllegalStateException: TimerTask is scheduled already
03-17 15:58:08.812 7875-7875/com.qtec.router W/System.err:     at java.util.Timer.scheduleImpl(Timer.java:569)
03-17 15:58:08.812 7875-7875/com.qtec.router W/System.err:     at java.util.Timer.schedule(Timer.java:478)
03-17 15:58:08.812 7875-7875/com.qtec.router W/System.err:     at com.fernandocejas.android10.sample.presentation.view.device.router.tools.safestore.utils.UploadUtils.startPicRestoreTimer(UploadUtils.java:156)
03-17 15:58:08.812 7875-7875/com.qtec.router W/System.err:     at com.fernandocejas.android10.sample.presentation.view.device.router.tools.safestore.UploadFragment$4.run(UploadFragment.java:375)
03-17 15:58:08.812 7875-7875/com.qtec.router W/System.err:     at android.os.Handler.handleCallback(Handler.java:815)
03-17 15:58:08.812 7875-7875/com.qtec.router W/System.err:     at android.os.Handler.dispatchMessage(Handler.java:104)
03-17 15:58:08.812 7875-7875/com.qtec.router W/System.err:     at android.os.Looper.loop(Looper.java:207)
03-17 15:58:08.812 7875-7875/com.qtec.router W/System.err:     at android.app.ActivityThread.main(ActivityThread.java:5710)
03-17 15:58:08.812 7875-7875/com.qtec.router W/System.err:     at java.lang.reflect.Method.invoke(Native Method)
03-17 15:58:08.812 7875-7875/com.qtec.router W/System.err:     at com.android.internal.os.ZygoteInit$MethodAndArgsCaller.run(ZygoteInit.java:900)
03-17 15:58:08.812 7875-7875/com.qtec.router W/System.err:     at com.android.internal.os.ZygoteInit.main(ZygoteInit.java:761)
03-17 15:58:08.820 7875-15352/com.qtec.router W/System.err:     at com.fernandocejas.android10.sample.presentation.sambalib.nativefacade.NativeSambaFacade.createFile(Native Method)
03-17 15:58:08.820 7875-15352/com.qtec.router W/System.err:     at com.fernandocejas.android10.sample.presentation.sambalib.nativefacade.NativeSambaFacade.createFile(NativeSambaFacade.java:81)
03-17 15:58:08.820 7875-15352/com.qtec.router W/System.err:     at com.fernandocejas.android10.sample.presentation.sambalib.nativefacade.SambaFacadeClient$SambaServiceHandler.processMessage(SambaFacadeClient.java:204)
03-17 15:58:08.820 7875-15352/com.qtec.router W/System.err:     at com.fernandocejas.android10.sample.presentation.sambalib.nativefacade.BaseClient$BaseHandler.handleMessage(BaseClient.java:51)
03-17 15:58:08.820 7875-15352/com.qtec.router W/System.err:     at android.os.Handler.dispatchMessage(Handler.java:111)
03-17 15:58:08.821 7875-15352/com.qtec.router W/System.err:     at android.os.Looper.loop(Looper.java:207)
03-17 15:58:08.821 7875-15352/com.qtec.router W/System.err:     at com.fernandocejas.android10.sample.presentation.sambalib.nativefacade.SambaMessageLooper.prepare(SambaMessageLooper.java:75)
03-17 15:58:08.821 7875-15352/com.qtec.router W/System.err:     at com.fernandocejas.android10.sample.presentation.sambalib.nativefacade.SambaMessageLooper.access$000(SambaMessageLooper.java:24)
03-17 15:58:08.821 7875-15352/com.qtec.router W/System.err:     at com.fernandocejas.android10.sample.presentation.sambalib.nativefacade.SambaMessageLooper$1.run(SambaMessageLooper.java:29)
03-17 15:58:08.821 7875-15352/com.qtec.router W/System.err:     at java.lang.Thread.run(Thread.java:818)
03-17 15:58:08.824 7875-15352/com.qtec.router I/System.out: 图片备份11：上传发生异常 导致暂停 isStopRestorePicture = true
03-17 15:58:08.826 7875-15352/com.qtec.router I/System.out: 图片备份定时器: stopPicRestoreTimer
03-17 15:58:08.931 7875-15353/com.qtec.router I/System.out: 图片备份定时器: startPicRestoreTimer
03-17 15:58:08.940 7875-7925/com.qtec.router E/NativeSambaClient: Failed to create a file at smb://192.168.1.1/qtec/来自：RedmiNote4/https:www.lgstatic.comiimage3M0025F7CgpOIFqX1CKARycCAAM9aninCk8197.JPG. Errno: 2.
03-17 15:58:08.942 7875-15354/com.qtec.router W/System.err: java.io.FileNotFoundException: Missing parent folders of smb://192.168.1.1/qtec/来自：RedmiNote4/https:www.lgstatic.comiimage3M0025F7CgpOIFqX1CKARycCAAM9aninCk8197.JPG
03-17 15:58:08.944 7875-15354/com.qtec.router W/System.err:     at com.fernandocejas.android10.sample.presentation.sambalib.nativefacade.NativeSambaFacade.createFile(Native Method)
03-17 15:58:08.945 7875-7875/com.qtec.router W/System.err: java.lang.IllegalStateException: TimerTask is scheduled already
03-17 15:58:08.946 7875-7875/com.qtec.router W/System.err:     at java.util.Timer.scheduleImpl(Timer.java:569)
03-17 15:58:08.946 7875-7875/com.qtec.router W/System.err:     at java.util.Timer.schedule(Timer.java:478)
03-17 15:58:08.946 7875-7875/com.qtec.router W/System.err:     at com.fernandocejas.android10.sample.presentation.view.device.router.tools.safestore.utils.UploadUtils.startPicRestoreTimer(UploadUtils.java:156)
03-17 15:58:08.946 7875-7875/com.qtec.router W/System.err:     at com.fernandocejas.android10.sample.presentation.view.device.router.tools.safestore.UploadFragment$4.run(UploadFragment.java:375)
03-17 15:58:08.946 7875-7875/com.qtec.router W/System.err:     at android.os.Handler.handleCallback(Handler.java:815)
03-17 15:58:08.946 7875-7875/com.qtec.router W/System.err:     at android.os.Handler.dispatchMessage(Handler.java:104)
03-17 15:58:08.946 7875-7875/com.qtec.router W/System.err:     at android.os.Looper.loop(Looper.java:207)
03-17 15:58:08.946 7875-7875/com.qtec.router W/System.err:     at android.app.ActivityThread.main(ActivityThread.java:5710)
03-17 15:58:08.946 7875-7875/com.qtec.router W/System.err:     at java.lang.reflect.Method.invoke(Native Method)
03-17 15:58:08.946 7875-7875/com.qtec.router W/System.err:     at com.android.internal.os.ZygoteInit$MethodAndArgsCaller.run(ZygoteInit.java:900)
03-17 15:58:08.947 7875-7875/com.qtec.router W/System.err:     at com.android.internal.os.ZygoteInit.main(ZygoteInit.java:761)
03-17 15:58:08.953 7875-15354/com.qtec.router W/System.err:     at com.fernandocejas.android10.sample.presentation.sambalib.nativefacade.NativeSambaFacade.createFile(NativeSambaFacade.java:81)
03-17 15:58:08.954 7875-15354/com.qtec.router W/System.err:     at com.fernandocejas.android10.sample.presentation.sambalib.nativefacade.SambaFacadeClient$SambaServiceHandler.processMessage(SambaFacadeClient.java:204)
03-17 15:58:08.954 7875-15354/com.qtec.router W/System.err:     at com.fernandocejas.android10.sample.presentation.sambalib.nativefacade.BaseClient$BaseHandler.handleMessage(BaseClient.java:51)
03-17 15:58:08.954 7875-15354/com.qtec.router W/System.err:     at android.os.Handler.dispatchMessage(Handler.java:111)
03-17 15:58:08.954 7875-15354/com.qtec.router W/System.err:     at android.os.Looper.loop(Looper.java:207)
03-17 15:58:08.954 7875-15354/com.qtec.router W/System.err:     at com.fernandocejas.android10.sample.presentation.sambalib.nativefacade.SambaMessageLooper.prepare(SambaMessageLooper.java:75)
03-17 15:58:08.954 7875-15354/com.qtec.router W/System.err:     at com.fernandocejas.android10.sample.presentation.sambalib.nativefacade.SambaMessageLooper.access$000(SambaMessageLooper.java:24)
03-17 15:58:08.954 7875-15354/com.qtec.router W/System.err:     at com.fernandocejas.android10.sample.presentation.sambalib.nativefacade.SambaMessageLooper$1.run(SambaMessageLooper.java:29)
03-17 15:58:08.954 7875-15354/com.qtec.router W/System.err:     at java.lang.Thread.run(Thread.java:818)
03-17 15:58:08.957 7875-15354/com.qtec.router I/System.out: 图片备份11：上传发生异常 导致暂停 isStopRestorePicture = true
03-17 15:58:08.959 7875-15354/com.qtec.router I/System.out: 图片备份定时器: stopPicRestoreTimer
03-17 15:58:09.069 7875-15355/com.qtec.router I/System.out: 图片备份定时器: startPicRestoreTimer
03-17 15:58:09.077 7875-7925/com.qtec.router E/NativeSambaClient: Failed to create a file at smb://192.168.1.1/qtec/来自：RedmiNote4/https:www.lgstatic.comiimage3M0025F7CgpOIFqX1CKARycCAAM9aninCk8197.JPG. Errno: 2.
03-17 15:58:09.079 7875-15356/com.qtec.router W/System.err: java.io.FileNotFoundException: Missing parent folders of smb://192.168.1.1/qtec/来自：RedmiNote4/https:www.lgstatic.comiimage3M0025F7CgpOIFqX1CKARycCAAM9aninCk8197.JPG
03-17 15:58:09.081 7875-15356/com.qtec.router W/System.err:     at com.fernandocejas.android10.sample.presentation.sambalib.nativefacade.NativeSambaFacade.createFile(Native Method)
03-17 15:58:09.082 7875-15356/com.qtec.router W/System.err:     at com.fernandocejas.android10.sample.presentation.sambalib.nativefacade.NativeSambaFacade.createFile(NativeSambaFacade.java:81)
03-17 15:58:09.082 7875-15356/com.qtec.router W/System.err:     at com.fernandocejas.android10.sample.presentation.sambalib.nativefacade.SambaFacadeClient$SambaServiceHandler.processMessage(SambaFacadeClient.java:204)
03-17 15:58:09.082 7875-15356/com.qtec.router W/System.err:     at com.fernandocejas.android10.sample.presentation.sambalib.nativefacade.BaseClient$BaseHandler.handleMessage(BaseClient.java:51)
03-17 15:58:09.085 7875-7875/com.qtec.router W/System.err: java.lang.IllegalStateException: TimerTask is scheduled already
03-17 15:58:09.085 7875-7875/com.qtec.router W/System.err:     at java.util.Timer.scheduleImpl(Timer.java:569)
03-17 15:58:09.085 7875-7875/com.qtec.router W/System.err:     at java.util.Timer.schedule(Timer.java:478)
03-17 15:58:09.085 7875-7875/com.qtec.router W/System.err:     at com.fernandocejas.android10.sample.presentation.view.device.router.tools.safestore.utils.UploadUtils.startPicRestoreTimer(UploadUtils.java:156)
03-17 15:58:09.085 7875-7875/com.qtec.router W/System.err:     at com.fernandocejas.android10.sample.presentation.view.device.router.tools.safestore.UploadFragment$4.run(UploadFragment.java:375)
03-17 15:58:09.085 7875-7875/com.qtec.router W/System.err:     at android.os.Handler.handleCallback(Handler.java:815)
03-17 15:58:09.085 7875-7875/com.qtec.router W/System.err:     at android.os.Handler.dispatchMessage(Handler.java:104)
03-17 15:58:09.086 7875-7875/com.qtec.router W/System.err:     at android.os.Looper.loop(Looper.java:207)
03-17 15:58:09.086 7875-7875/com.qtec.router W/System.err:     at android.app.ActivityThread.main(ActivityThread.java:5710)
03-17 15:58:09.086 7875-7875/com.qtec.router W/System.err:     at java.lang.reflect.Method.invoke(Native Method)
03-17 15:58:09.086 7875-7875/com.qtec.router W/System.err:     at com.android.internal.os.ZygoteInit$MethodAndArgsCaller.run(ZygoteInit.java:900)
03-17 15:58:09.086 7875-7875/com.qtec.router W/System.err:     at com.android.internal.os.ZygoteInit.main(ZygoteInit.java:761)
03-17 15:58:09.093 7875-15356/com.qtec.router W/System.err:     at android.os.Handler.dispatchMessage(Handler.java:111)
03-17 15:58:09.094 7875-15356/com.qtec.router W/System.err:     at android.os.Looper.loop(Looper.java:207)
03-17 15:58:09.095 7875-15356/com.qtec.router W/System.err:     at com.fernandocejas.android10.sample.presentation.sambalib.nativefacade.SambaMessageLooper.prepare(SambaMessageLooper.java:75)
03-17 15:58:09.095 7875-15356/com.qtec.router W/System.err:     at com.fernandocejas.android10.sample.presentation.sambalib.nativefacade.SambaMessageLooper.access$000(SambaMessageLooper.java:24)
03-17 15:58:09.095 7875-15356/com.qtec.router W/System.err:     at com.fernandocejas.android10.sample.presentation.sambalib.nativefacade.SambaMessageLooper$1.run(SambaMessageLooper.java:29)
03-17 15:58:09.095 7875-15356/com.qtec.router W/System.err:     at java.lang.Thread.run(Thread.java:818)
03-17 15:58:09.097 7875-15356/com.qtec.router I/System.out: 图片备份11：上传发生异常 导致暂停 isStopRestorePicture = true
03-17 15:58:09.100 7875-15356/com.qtec.router I/System.out: 图片备份定时器: stopPicRestoreTimer
03-17 15:58:09.205 7875-15357/com.qtec.router I/System.out: 图片备份定时器: startPicRestoreTimer
03-17 15:58:09.217 7875-7925/com.qtec.router E/NativeSambaClient: Failed to create a file at smb://192.168.1.1/qtec/来自：RedmiNote4/https:www.lgstatic.comiimage3M0025F7CgpOIFqX1CKARycCAAM9aninCk8197.JPG. Errno: 2.
03-17 15:58:09.218 7875-7875/com.qtec.router W/System.err: java.lang.IllegalStateException: TimerTask is scheduled already
03-17 15:58:09.219 7875-7875/com.qtec.router W/System.err:     at java.util.Timer.scheduleImpl(Timer.java:569)
03-17 15:58:09.219 7875-7875/com.qtec.router W/System.err:     at java.util.Timer.schedule(Timer.java:478)
03-17 15:58:09.219 7875-7875/com.qtec.router W/System.err:     at com.fernandocejas.android10.sample.presentation.view.device.router.tools.safestore.utils.UploadUtils.startPicRestoreTimer(UploadUtils.java:156)
03-17 15:58:09.219 7875-7875/com.qtec.router W/System.err:     at com.fernandocejas.android10.sample.presentation.view.device.router.tools.safestore.UploadFragment$4.run(UploadFragment.java:375)
03-17 15:58:09.219 7875-7875/com.qtec.router W/System.err:     at android.os.Handler.handleCallback(Handler.java:815)
03-17 15:58:09.219 7875-7875/com.qtec.router W/System.err:     at android.os.Handler.dispatchMessage(Handler.java:104)
03-17 15:58:09.219 7875-7875/com.qtec.router W/System.err:     at android.os.Looper.loop(Looper.java:207)
03-17 15:58:09.219 7875-7875/com.qtec.router W/System.err:     at android.app.ActivityThread.main(ActivityThread.java:5710)
03-17 15:58:09.219 7875-7875/com.qtec.router W/System.err:     at java.lang.reflect.Method.invoke(Native Method)
03-17 15:58:09.219 7875-7875/com.qtec.router W/System.err:     at com.android.internal.os.ZygoteInit$MethodAndArgsCaller.run(ZygoteInit.java:900)
03-17 15:58:09.219 7875-7875/com.qtec.router W/System.err:     at com.android.internal.os.ZygoteInit.main(ZygoteInit.java:761)
03-17 15:58:09.224 7875-15362/com.qtec.router W/System.err: java.io.FileNotFoundException: Missing parent folders of smb://192.168.1.1/qtec/来自：RedmiNote4/https:www.lgstatic.comiimage3M0025F7CgpOIFqX1CKARycCAAM9aninCk8197.JPG
03-17 15:58:09.224 7875-15362/com.qtec.router W/System.err:     at com.fernandocejas.android10.sample.presentation.sambalib.nativefacade.NativeSambaFacade.createFile(Native Method)
03-17 15:58:09.224 7875-15362/com.qtec.router W/System.err:     at com.fernandocejas.android10.sample.presentation.sambalib.nativefacade.NativeSambaFacade.createFile(NativeSambaFacade.java:81)
03-17 15:58:09.224 7875-15362/com.qtec.router W/System.err:     at com.fernandocejas.android10.sample.presentation.sambalib.nativefacade.SambaFacadeClient$SambaServiceHandler.processMessage(SambaFacadeClient.java:204)
03-17 15:58:09.225 7875-15362/com.qtec.router W/System.err:     at com.fernandocejas.android10.sample.presentation.sambalib.nativefacade.BaseClient$BaseHandler.handleMessage(BaseClient.java:51)
03-17 15:58:09.225 7875-15362/com.qtec.router W/System.err:     at android.os.Handler.dispatchMessage(Handler.java:111)
03-17 15:58:09.225 7875-15362/com.qtec.router W/System.err:     at android.os.Looper.loop(Looper.java:207)
03-17 15:58:09.225 7875-15362/com.qtec.router W/System.err:     at com.fernandocejas.android10.sample.presentation.sambalib.nativefacade.SambaMessageLooper.prepare(SambaMessageLooper.java:75)
03-17 15:58:09.225 7875-15362/com.qtec.router W/System.err:     at com.fernandocejas.android10.sample.presentation.sambalib.nativefacade.SambaMessageLooper.access$000(SambaMessageLooper.java:24)
03-17 15:58:09.225 7875-15362/com.qtec.router W/System.err:     at com.fernandocejas.android10.sample.presentation.sambalib.nativefacade.SambaMessageLooper$1.run(SambaMessageLooper.java:29)
03-17 15:58:09.225 7875-15362/com.qtec.router W/System.err:     at java.lang.Thread.run(Thread.java:818)
03-17 15:58:09.227 7875-15362/com.qtec.router I/System.out: 图片备份11：上传发生异常 导致暂停 isStopRestorePicture = true
03-17 15:58:09.229 7875-15362/com.qtec.router I/System.out: 图片备份定时器: stopPicRestoreTimer
03-17 15:58:09.343 7875-15367/com.qtec.router I/System.out: 图片备份定时器: startPicRestoreTimer
03-17 15:58:09.350 7875-7925/com.qtec.router E/NativeSambaClient: Failed to create a file at smb://192.168.1.1/qtec/来自：RedmiNote4/https:www.lgstatic.comiimage3M0025F7CgpOIFqX1CKARycCAAM9aninCk8197.JPG. Errno: 2.
03-17 15:58:09.358 7875-7875/com.qtec.router W/System.err: java.io.FileNotFoundException: Missing parent folders of smb://192.168.1.1/qtec/来自：RedmiNote4/https:www.lgstatic.comiimage3M0025F7CgpOIFqX1CKARycCAAM9aninCk8197.JPGjava.lang.IllegalStateException: TimerTask is scheduled already
03-17 15:58:09.358 7875-7875/com.qtec.router W/System.err:     at java.util.Timer.scheduleImpl(Timer.java:569)
03-17 15:58:09.360 7875-7875/com.qtec.router W/System.err:     at java.util.Timer.schedule(Timer.java:478)
03-17 15:58:09.360 7875-7875/com.qtec.router W/System.err:     at com.fernandocejas.android10.sample.presentation.view.device.router.tools.safestore.utils.UploadUtils.startPicRestoreTimer(UploadUtils.java:156)
03-17 15:58:09.360 7875-7875/com.qtec.router W/System.err:     at com.fernandocejas.android10.sample.presentation.view.device.router.tools.safestore.UploadFragment$4.run(UploadFragment.java:375)
03-17 15:58:09.360 7875-7875/com.qtec.router W/System.err:     at android.os.Handler.handleCallback(Handler.java:815)
03-17 15:58:09.360 7875-7875/com.qtec.router W/System.err:     at android.os.Handler.dispatchMessage(Handler.java:104)
03-17 15:58:09.362 7875-7875/com.qtec.router W/System.err:     at android.os.Looper.loop(Looper.java:207)
03-17 15:58:09.362 7875-7875/com.qtec.router W/System.err:     at android.app.ActivityThread.main(ActivityThread.java:5710)
03-17 15:58:09.362 7875-7875/com.qtec.router W/System.err:     at java.lang.reflect.Method.invoke(Native Method)
03-17 15:58:09.362 7875-7875/com.qtec.router W/System.err:     at com.android.internal.os.ZygoteInit$MethodAndArgsCaller.run(ZygoteInit.java:900)
03-17 15:58:09.362 7875-7875/com.qtec.router W/System.err:     at com.android.internal.os.ZygoteInit.main(ZygoteInit.java:761)
03-17 15:58:09.367 7875-15368/com.qtec.router W/System.err:     at com.fernandocejas.android10.sample.presentation.sambalib.nativefacade.NativeSambaFacade.createFile(Native Method)
03-17 15:58:09.367 7875-15368/com.qtec.router W/System.err:     at com.fernandocejas.android10.sample.presentation.sambalib.nativefacade.NativeSambaFacade.createFile(NativeSambaFacade.java:81)
03-17 15:58:09.367 7875-15368/com.qtec.router W/System.err:     at com.fernandocejas.android10.sample.presentation.sambalib.nativefacade.SambaFacadeClient$SambaServiceHandler.processMessage(SambaFacadeClient.java:204)
03-17 15:58:09.367 7875-15368/com.qtec.router W/System.err:     at com.fernandocejas.android10.sample.presentation.sambalib.nativefacade.BaseClient$BaseHandler.handleMessage(BaseClient.java:51)
03-17 15:58:09.367 7875-15368/com.qtec.router W/System.err:     at android.os.Handler.dispatchMessage(Handler.java:111)
03-17 15:58:09.367 7875-15368/com.qtec.router W/System.err:     at android.os.Looper.loop(Looper.java:207)
03-17 15:58:09.367 7875-15368/com.qtec.router W/System.err:     at com.fernandocejas.android10.sample.presentation.sambalib.nativefacade.SambaMessageLooper.prepare(SambaMessageLooper.java:75)
03-17 15:58:09.367 7875-15368/com.qtec.router W/System.err:     at com.fernandocejas.android10.sample.presentation.sambalib.nativefacade.SambaMessageLooper.access$000(SambaMessageLooper.java:24)
03-17 15:58:09.367 7875-15368/com.qtec.router W/System.err:     at com.fernandocejas.android10.sample.presentation.sambalib.nativefacade.SambaMessageLooper$1.run(SambaMessageLooper.java:29)
03-17 15:58:09.368 7875-15368/com.qtec.router W/System.err:     at java.lang.Thread.run(Thread.java:818)
03-17 15:58:09.373 7875-15368/com.qtec.router I/System.out: 图片备份11：上传发生异常 导致暂停 isStopRestorePicture = true
03-17 15:58:09.373 7875-15368/com.qtec.router I/System.out: 图片备份定时器: stopPicRestoreTimer
03-17 15:58:09.488 7875-15369/com.qtec.router I/System.out: 图片备份定时器: startPicRestoreTimer
03-17 15:58:09.499 7875-7925/com.qtec.router E/NativeSambaClient: Failed to create a file at smb://192.168.1.1/qtec/来自：RedmiNote4/https:www.lgstatic.comiimage3M0025F7CgpOIFqX1CKARycCAAM9aninCk8197.JPG. Errno: 2.
03-17 15:58:09.501 7875-15370/com.qtec.router W/System.err: java.io.FileNotFoundException: Missing parent folders of smb://192.168.1.1/qtec/来自：RedmiNote4/https:www.lgstatic.comiimage3M0025F7CgpOIFqX1CKARycCAAM9aninCk8197.JPG
03-17 15:58:09.501 7875-7875/com.qtec.router W/System.err: java.lang.IllegalStateException: TimerTask is scheduled already
03-17 15:58:09.502 7875-7875/com.qtec.router W/System.err:     at java.util.Timer.scheduleImpl(Timer.java:569)
03-17 15:58:09.502 7875-7875/com.qtec.router W/System.err:     at java.util.Timer.schedule(Timer.java:478)
03-17 15:58:09.502 7875-7875/com.qtec.router W/System.err:     at com.fernandocejas.android10.sample.presentation.view.device.router.tools.safestore.utils.UploadUtils.startPicRestoreTimer(UploadUtils.java:156)
03-17 15:58:09.502 7875-7875/com.qtec.router W/System.err:     at com.fernandocejas.android10.sample.presentation.view.device.router.tools.safestore.UploadFragment$4.run(UploadFragment.java:375)
03-17 15:58:09.502 7875-7875/com.qtec.router W/System.err:     at android.os.Handler.handleCallback(Handler.java:815)
03-17 15:58:09.502 7875-7875/com.qtec.router W/System.err:     at android.os.Handler.dispatchMessage(Handler.java:104)
03-17 15:58:09.502 7875-7875/com.qtec.router W/System.err:     at android.os.Looper.loop(Looper.java:207)
03-17 15:58:09.502 7875-7875/com.qtec.router W/System.err:     at android.app.ActivityThread.main(ActivityThread.java:5710)
03-17 15:58:09.502 7875-7875/com.qtec.router W/System.err:     at java.lang.reflect.Method.invoke(Native Method)
03-17 15:58:09.502 7875-7875/com.qtec.router W/System.err:     at com.android.internal.os.ZygoteInit$MethodAndArgsCaller.run(ZygoteInit.java:900)
03-17 15:58:09.502 7875-7875/com.qtec.router W/System.err:     at com.android.internal.os.ZygoteInit.main(ZygoteInit.java:761)
03-17 15:58:09.510 7875-15370/com.qtec.router W/System.err:     at com.fernandocejas.android10.sample.presentation.sambalib.nativefacade.NativeSambaFacade.createFile(Native Method)
03-17 15:58:09.510 7875-15370/com.qtec.router W/System.err:     at com.fernandocejas.android10.sample.presentation.sambalib.nativefacade.NativeSambaFacade.createFile(NativeSambaFacade.java:81)
03-17 15:58:09.510 7875-15370/com.qtec.router W/System.err:     at com.fernandocejas.android10.sample.presentation.sambalib.nativefacade.SambaFacadeClient$SambaServiceHandler.processMessage(SambaFacadeClient.java:204)
03-17 15:58:09.512 7875-15370/com.qtec.router W/System.err:     at com.fernandocejas.android10.sample.presentation.sambalib.nativefacade.BaseClient$BaseHandler.handleMessage(BaseClient.java:51)
03-17 15:58:09.512 7875-15370/com.qtec.router W/System.err:     at android.os.Handler.dispatchMessage(Handler.java:111)
03-17 15:58:09.512 7875-15370/com.qtec.router W/System.err:     at android.os.Looper.loop(Looper.java:207)
03-17 15:58:09.512 7875-15370/com.qtec.router W/System.err:     at com.fernandocejas.android10.sample.presentation.sambalib.nativefacade.SambaMessageLooper.prepare(SambaMessageLooper.java:75)
03-17 15:58:09.512 7875-15370/com.qtec.router W/System.err:     at com.fernandocejas.android10.sample.presentation.sambalib.nativefacade.SambaMessageLooper.access$000(SambaMessageLooper.java:24)
03-17 15:58:09.512 7875-15370/com.qtec.router W/System.err:     at com.fernandocejas.android10.sample.presentation.sambalib.nativefacade.SambaMessageLooper$1.run(SambaMessageLooper.java:29)
03-17 15:58:09.514 7875-15370/com.qtec.router W/System.err:     at java.lang.Thread.run(Thread.java:818)
03-17 15:58:09.515 7875-15370/com.qtec.router I/System.out: 图片备份11：上传发生异常 导致暂停 isStopRestorePicture = true
03-17 15:58:09.518 7875-15370/com.qtec.router I/System.out: 图片备份定时器: stopPicRestoreTimer
03-17 15:58:09.623 7875-15371/com.qtec.router I/System.out: 图片备份定时器: startPicRestoreTimer
03-17 15:58:09.634 7875-7925/com.qtec.router E/NativeSambaClient: Failed to create a file at smb://192.168.1.1/qtec/来自：RedmiNote4/https:www.lgstatic.comiimage3M0025F7CgpOIFqX1CKARycCAAM9aninCk8197.JPG. Errno: 2.
03-17 15:58:09.635 7875-15372/com.qtec.router W/System.err: java.io.FileNotFoundException: Missing parent folders of smb://192.168.1.1/qtec/来自：RedmiNote4/https:www.lgstatic.comiimage3M0025F7CgpOIFqX1CKARycCAAM9aninCk8197.JPG
03-17 15:58:09.636 7875-15372/com.qtec.router W/System.err:     at com.fernandocejas.android10.sample.presentation.sambalib.nativefacade.NativeSambaFacade.createFile(Native Method)
03-17 15:58:09.636 7875-15372/com.qtec.router W/System.err:     at com.fernandocejas.android10.sample.presentation.sambalib.nativefacade.NativeSambaFacade.createFile(NativeSambaFacade.java:81)
03-17 15:58:09.636 7875-15372/com.qtec.router W/System.err:     at com.fernandocejas.android10.sample.presentation.sambalib.nativefacade.SambaFacadeClient$SambaServiceHandler.processMessage(SambaFacadeClient.java:204)
03-17 15:58:09.636 7875-15372/com.qtec.router W/System.err:     at com.fernandocejas.android10.sample.presentation.sambalib.nativefacade.BaseClient$BaseHandler.handleMessage(BaseClient.java:51)
03-17 15:58:09.639 7875-7875/com.qtec.router W/System.err: 	at android.os.Handler.dispatchMessage(Handler.java:111)java.lang.IllegalStateException: TimerTask is scheduled already
03-17 15:58:09.639 7875-7875/com.qtec.router W/System.err:     at java.util.Timer.scheduleImpl(Timer.java:569)
03-17 15:58:09.640 7875-7875/com.qtec.router W/System.err:     at java.util.Timer.schedule(Timer.java:478)
03-17 15:58:09.640 7875-7875/com.qtec.router W/System.err:     at com.fernandocejas.android10.sample.presentation.view.device.router.tools.safestore.utils.UploadUtils.startPicRestoreTimer(UploadUtils.java:156)
03-17 15:58:09.640 7875-7875/com.qtec.router W/System.err:     at com.fernandocejas.android10.sample.presentation.view.device.router.tools.safestore.UploadFragment$4.run(UploadFragment.java:375)
03-17 15:58:09.640 7875-7875/com.qtec.router W/System.err:     at android.os.Handler.handleCallback(Handler.java:815)
03-17 15:58:09.640 7875-7875/com.qtec.router W/System.err:     at android.os.Handler.dispatchMessage(Handler.java:104)
03-17 15:58:09.640 7875-7875/com.qtec.router W/System.err:     at android.os.Looper.loop(Looper.java:207)
03-17 15:58:09.640 7875-7875/com.qtec.router W/System.err:     at android.app.ActivityThread.main(ActivityThread.java:5710)
03-17 15:58:09.640 7875-7875/com.qtec.router W/System.err:     at java.lang.reflect.Method.invoke(Native Method)
03-17 15:58:09.640 7875-7875/com.qtec.router W/System.err:     at com.android.internal.os.ZygoteInit$MethodAndArgsCaller.run(ZygoteInit.java:900)
03-17 15:58:09.640 7875-7875/com.qtec.router W/System.err:     at com.android.internal.os.ZygoteInit.main(ZygoteInit.java:761)
03-17 15:58:09.647 7875-15372/com.qtec.router W/System.err:     at android.os.Looper.loop(Looper.java:207)
03-17 15:58:09.647 7875-15372/com.qtec.router W/System.err:     at com.fernandocejas.android10.sample.presentation.sambalib.nativefacade.SambaMessageLooper.prepare(SambaMessageLooper.java:75)
03-17 15:58:09.647 7875-15372/com.qtec.router W/System.err:     at com.fernandocejas.android10.sample.presentation.sambalib.nativefacade.SambaMessageLooper.access$000(SambaMessageLooper.java:24)
03-17 15:58:09.647 7875-15372/com.qtec.router W/System.err:     at com.fernandocejas.android10.sample.presentation.sambalib.nativefacade.SambaMessageLooper$1.run(SambaMessageLooper.java:29)
03-17 15:58:09.648 7875-15372/com.qtec.router W/System.err:     at java.lang.Thread.run(Thread.java:818)
03-17 15:58:09.651 7875-15372/com.qtec.router I/System.out: 图片备份11：上传发生异常 导致暂停 isStopRestorePicture = true
03-17 15:58:09.652 7875-15372/com.qtec.router I/System.out: 图片备份定时器: stopPicRestoreTimer
03-17 15:58:09.758 7875-15373/com.qtec.router I/System.out: 图片备份定时器: startPicRestoreTimer
03-17 15:58:09.773 7875-7875/com.qtec.router W/System.err: java.lang.IllegalStateException: TimerTask is scheduled already
03-17 15:58:09.773 7875-7875/com.qtec.router W/System.err:     at java.util.Timer.scheduleImpl(Timer.java:569)
03-17 15:58:09.773 7875-7875/com.qtec.router W/System.err:     at java.util.Timer.schedule(Timer.java:478)
03-17 15:58:09.774 7875-7875/com.qtec.router W/System.err:     at com.fernandocejas.android10.sample.presentation.view.device.router.tools.safestore.utils.UploadUtils.startPicRestoreTimer(UploadUtils.java:156)
03-17 15:58:09.774 7875-7875/com.qtec.router W/System.err:     at com.fernandocejas.android10.sample.presentation.view.device.router.tools.safestore.UploadFragment$4.run(UploadFragment.java:375)
03-17 15:58:09.774 7875-7875/com.qtec.router W/System.err:     at android.os.Handler.handleCallback(Handler.java:815)
03-17 15:58:09.774 7875-7875/com.qtec.router W/System.err:     at android.os.Handler.dispatchMessage(Handler.java:104)
03-17 15:58:09.774 7875-7875/com.qtec.router W/System.err:     at android.os.Looper.loop(Looper.java:207)
03-17 15:58:09.774 7875-7875/com.qtec.router W/System.err:     at android.app.ActivityThread.main(ActivityThread.java:5710)
03-17 15:58:09.774 7875-7875/com.qtec.router W/System.err:     at java.lang.reflect.Method.invoke(Native Method)
03-17 15:58:09.774 7875-7875/com.qtec.router W/System.err:     at com.android.internal.os.ZygoteInit$MethodAndArgsCaller.run(ZygoteInit.java:900)
03-17 15:58:09.774 7875-7875/com.qtec.router W/System.err:     at com.android.internal.os.ZygoteInit.main(ZygoteInit.java:761)
03-17 15:58:09.779 7875-7925/com.qtec.router E/NativeSambaClient: Failed to create a file at smb://192.168.1.1/qtec/来自：RedmiNote4/https:www.lgstatic.comiimage3M0025F7CgpOIFqX1CKARycCAAM9aninCk8197.JPG. Errno: 2.
03-17 15:58:09.781 7875-15374/com.qtec.router W/System.err: java.io.FileNotFoundException: Missing parent folders of smb://192.168.1.1/qtec/来自：RedmiNote4/https:www.lgstatic.comiimage3M0025F7CgpOIFqX1CKARycCAAM9aninCk8197.JPG
03-17 15:58:09.781 7875-15374/com.qtec.router W/System.err:     at com.fernandocejas.android10.sample.presentation.sambalib.nativefacade.NativeSambaFacade.createFile(Native Method)
03-17 15:58:09.781 7875-15374/com.qtec.router W/System.err:     at com.fernandocejas.android10.sample.presentation.sambalib.nativefacade.NativeSambaFacade.createFile(NativeSambaFacade.java:81)
03-17 15:58:09.782 7875-15374/com.qtec.router W/System.err:     at com.fernandocejas.android10.sample.presentation.sambalib.nativefacade.SambaFacadeClient$SambaServiceHandler.processMessage(SambaFacadeClient.java:204)
03-17 15:58:09.782 7875-15374/com.qtec.router W/System.err:     at com.fernandocejas.android10.sample.presentation.sambalib.nativefacade.BaseClient$BaseHandler.handleMessage(BaseClient.java:51)
03-17 15:58:09.782 7875-15374/com.qtec.router W/System.err:     at android.os.Handler.dispatchMessage(Handler.java:111)
03-17 15:58:09.782 7875-15374/com.qtec.router W/System.err:     at android.os.Looper.loop(Looper.java:207)
03-17 15:58:09.782 7875-15374/com.qtec.router W/System.err:     at com.fernandocejas.android10.sample.presentation.sambalib.nativefacade.SambaMessageLooper.prepare(SambaMessageLooper.java:75)
03-17 15:58:09.782 7875-15374/com.qtec.router W/System.err:     at com.fernandocejas.android10.sample.presentation.sambalib.nativefacade.SambaMessageLooper.access$000(SambaMessageLooper.java:24)
03-17 15:58:09.782 7875-15374/com.qtec.router W/System.err:     at com.fernandocejas.android10.sample.presentation.sambalib.nativefacade.SambaMessageLooper$1.run(SambaMessageLooper.java:29)
03-17 15:58:09.782 7875-15374/com.qtec.router W/System.err:     at java.lang.Thread.run(Thread.java:818)
03-17 15:58:09.787 7875-15374/com.qtec.router I/System.out: 图片备份11：上传发生异常 导致暂停 isStopRestorePicture = true
03-17 15:58:09.790 7875-15374/com.qtec.router I/System.out: 图片备份定时器: stopPicRestoreTimer
03-17 15:58:09.907 7875-15383/com.qtec.router I/System.out: 图片备份定时器: startPicRestoreTimer
03-17 15:58:09.919 7875-7925/com.qtec.router E/NativeSambaClient: Failed to create a file at smb://192.168.1.1/qtec/来自：RedmiNote4/https:www.lgstatic.comiimage3M0025F7CgpOIFqX1CKARycCAAM9aninCk8197.JPG. Errno: 2.
03-17 15:58:09.922 7875-7875/com.qtec.router W/System.err: java.lang.IllegalStateException: TimerTask is scheduled already
03-17 15:58:09.922 7875-7875/com.qtec.router W/System.err:     at java.util.Timer.scheduleImpl(Timer.java:569)
03-17 15:58:09.922 7875-7875/com.qtec.router W/System.err:     at java.util.Timer.schedule(Timer.java:478)
03-17 15:58:09.922 7875-7875/com.qtec.router W/System.err:     at com.fernandocejas.android10.sample.presentation.view.device.router.tools.safestore.utils.UploadUtils.startPicRestoreTimer(UploadUtils.java:156)
03-17 15:58:09.922 7875-7875/com.qtec.router W/System.err:     at com.fernandocejas.android10.sample.presentation.view.device.router.tools.safestore.UploadFragment$4.run(UploadFragment.java:375)
03-17 15:58:09.922 7875-7875/com.qtec.router W/System.err:     at android.os.Handler.handleCallback(Handler.java:815)
03-17 15:58:09.922 7875-7875/com.qtec.router W/System.err:     at android.os.Handler.dispatchMessage(Handler.java:104)
03-17 15:58:09.922 7875-7875/com.qtec.router W/System.err:     at android.os.Looper.loop(Looper.java:207)
03-17 15:58:09.922 7875-7875/com.qtec.router W/System.err:     at android.app.ActivityThread.main(ActivityThread.java:5710)
03-17 15:58:09.923 7875-7875/com.qtec.router W/System.err:     at java.lang.reflect.Method.invoke(Native Method)
03-17 15:58:09.923 7875-7875/com.qtec.router W/System.err:     at com.android.internal.os.ZygoteInit$MethodAndArgsCaller.run(ZygoteInit.java:900)
03-17 15:58:09.923 7875-7875/com.qtec.router W/System.err:     at com.android.internal.os.ZygoteInit.main(ZygoteInit.java:761)
03-17 15:58:09.925 7875-15384/com.qtec.router W/System.err: java.io.FileNotFoundException: Missing parent folders of smb://192.168.1.1/qtec/来自：RedmiNote4/https:www.lgstatic.comiimage3M0025F7CgpOIFqX1CKARycCAAM9aninCk8197.JPG
03-17 15:58:09.927 7875-15384/com.qtec.router W/System.err:     at com.fernandocejas.android10.sample.presentation.sambalib.nativefacade.NativeSambaFacade.createFile(Native Method)
03-17 15:58:09.928 7875-15384/com.qtec.router W/System.err:     at com.fernandocejas.android10.sample.presentation.sambalib.nativefacade.NativeSambaFacade.createFile(NativeSambaFacade.java:81)
03-17 15:58:09.928 7875-15384/com.qtec.router W/System.err:     at com.fernandocejas.android10.sample.presentation.sambalib.nativefacade.SambaFacadeClient$SambaServiceHandler.processMessage(SambaFacadeClient.java:204)
03-17 15:58:09.928 7875-15384/com.qtec.router W/System.err:     at com.fernandocejas.android10.sample.presentation.sambalib.nativefacade.BaseClient$BaseHandler.handleMessage(BaseClient.java:51)
03-17 15:58:09.928 7875-15384/com.qtec.router W/System.err:     at android.os.Handler.dispatchMessage(Handler.java:111)
03-17 15:58:09.928 7875-15384/com.qtec.router W/System.err:     at android.os.Looper.loop(Looper.java:207)
03-17 15:58:09.928 7875-15384/com.qtec.router W/System.err:     at com.fernandocejas.android10.sample.presentation.sambalib.nativefacade.SambaMessageLooper.prepare(SambaMessageLooper.java:75)
03-17 15:58:09.928 7875-15384/com.qtec.router W/System.err:     at com.fernandocejas.android10.sample.presentation.sambalib.nativefacade.SambaMessageLooper.access$000(SambaMessageLooper.java:24)
03-17 15:58:09.928 7875-15384/com.qtec.router W/System.err:     at com.fernandocejas.android10.sample.presentation.sambalib.nativefacade.SambaMessageLooper$1.run(SambaMessageLooper.java:29)
03-17 15:58:09.928 7875-15384/com.qtec.router W/System.err:     at java.lang.Thread.run(Thread.java:818)
03-17 15:58:09.934 7875-15384/com.qtec.router I/System.out: 图片备份11：上传发生异常 导致暂停 isStopRestorePicture = true
03-17 15:58:09.936 7875-15384/com.qtec.router I/System.out: 图片备份定时器: stopPicRestoreTimer
03-17 15:58:10.052 7875-15385/com.qtec.router I/System.out: 图片备份定时器: startPicRestoreTimer
03-17 15:58:10.062 7875-7925/com.qtec.router E/NativeSambaClient: Failed to create a file at smb://192.168.1.1/qtec/来自：RedmiNote4/https:www.lgstatic.comiimage3M0025F7CgpOIFqX1CKARycCAAM9aninCk8197.JPG. Errno: 2.
03-17 15:58:10.064 7875-15386/com.qtec.router W/System.err: java.io.FileNotFoundException: Missing parent folders of smb://192.168.1.1/qtec/来自：RedmiNote4/https:www.lgstatic.comiimage3M0025F7CgpOIFqX1CKARycCAAM9aninCk8197.JPG
03-17 15:58:10.064 7875-15386/com.qtec.router W/System.err:     at com.fernandocejas.android10.sample.presentation.sambalib.nativefacade.NativeSambaFacade.createFile(Native Method)
03-17 15:58:10.064 7875-15386/com.qtec.router W/System.err:     at com.fernandocejas.android10.sample.presentation.sambalib.nativefacade.NativeSambaFacade.createFile(NativeSambaFacade.java:81)
03-17 15:58:10.065 7875-15386/com.qtec.router W/System.err:     at com.fernandocejas.android10.sample.presentation.sambalib.nativefacade.SambaFacadeClient$SambaServiceHandler.processMessage(SambaFacadeClient.java:204)
03-17 15:58:10.066 7875-15386/com.qtec.router W/System.err:     at com.fernandocejas.android10.sample.presentation.sambalib.nativefacade.BaseClient$BaseHandler.handleMessage(BaseClient.java:51)
03-17 15:58:10.066 7875-15386/com.qtec.router W/System.err:     at android.os.Handler.dispatchMessage(Handler.java:111)
03-17 15:58:10.066 7875-15386/com.qtec.router W/System.err:     at android.os.Looper.loop(Looper.java:207)
03-17 15:58:10.066 7875-15386/com.qtec.router W/System.err:     at com.fernandocejas.android10.sample.presentation.sambalib.nativefacade.SambaMessageLooper.prepare(SambaMessageLooper.java:75)
03-17 15:58:10.067 7875-15386/com.qtec.router W/System.err:     at com.fernandocejas.android10.sample.presentation.sambalib.nativefacade.SambaMessageLooper.access$000(SambaMessageLooper.java:24)
03-17 15:58:10.067 7875-15386/com.qtec.router W/System.err:     at com.fernandocejas.android10.sample.presentation.sambalib.nativefacade.SambaMessageLooper$1.run(SambaMessageLooper.java:29)
03-17 15:58:10.067 7875-15386/com.qtec.router W/System.err:     at java.lang.Thread.run(Thread.java:818)
03-17 15:58:10.069 7875-7875/com.qtec.router W/System.err: java.lang.IllegalStateException: TimerTask is scheduled already
03-17 15:58:10.069 7875-7875/com.qtec.router W/System.err:     at java.util.Timer.scheduleImpl(Timer.java:569)
03-17 15:58:10.069 7875-7875/com.qtec.router W/System.err:     at java.util.Timer.schedule(Timer.java:478)
03-17 15:58:10.070 7875-7875/com.qtec.router W/System.err:     at com.fernandocejas.android10.sample.presentation.view.device.router.tools.safestore.utils.UploadUtils.startPicRestoreTimer(UploadUtils.java:156)
03-17 15:58:10.070 7875-7875/com.qtec.router W/System.err:     at com.fernandocejas.android10.sample.presentation.view.device.router.tools.safestore.UploadFragment$4.run(UploadFragment.java:375)
03-17 15:58:10.070 7875-7875/com.qtec.router W/System.err:     at android.os.Handler.handleCallback(Handler.java:815)
03-17 15:58:10.070 7875-7875/com.qtec.router W/System.err:     at android.os.Handler.dispatchMessage(Handler.java:104)
03-17 15:58:10.070 7875-7875/com.qtec.router W/System.err:     at android.os.Looper.loop(Looper.java:207)
03-17 15:58:10.070 7875-7875/com.qtec.router W/System.err:     at android.app.ActivityThread.main(ActivityThread.java:5710)
03-17 15:58:10.070 7875-7875/com.qtec.router W/System.err:     at java.lang.reflect.Method.invoke(Native Method)
03-17 15:58:10.070 7875-7875/com.qtec.router W/System.err:     at com.android.internal.os.ZygoteInit$MethodAndArgsCaller.run(ZygoteInit.java:900)
03-17 15:58:10.070 7875-7875/com.qtec.router W/System.err:     at com.android.internal.os.ZygoteInit.main(ZygoteInit.java:761)
03-17 15:58:10.078 7875-15386/com.qtec.router I/System.out: 图片备份11：上传发生异常 导致暂停 isStopRestorePicture = true
03-17 15:58:10.081 7875-15386/com.qtec.router I/System.out: 图片备份定时器: stopPicRestoreTimer
03-17 15:58:10.189 7875-15387/com.qtec.router I/System.out: 图片备份定时器: startPicRestoreTimer
03-17 15:58:10.200 7875-7925/com.qtec.router E/NativeSambaClient: Failed to create a file at smb://192.168.1.1/qtec/来自：RedmiNote4/https:www.lgstatic.comiimage3M0025F7CgpOIFqX1CKARycCAAM9aninCk8197.JPG. Errno: 2.
03-17 15:58:10.201 7875-7875/com.qtec.router W/System.err: java.lang.IllegalStateException: TimerTask is scheduled already
03-17 15:58:10.202 7875-7875/com.qtec.router W/System.err:     at java.util.Timer.scheduleImpl(Timer.java:569)
03-17 15:58:10.202 7875-7875/com.qtec.router W/System.err:     at java.util.Timer.schedule(Timer.java:478)
03-17 15:58:10.202 7875-7875/com.qtec.router W/System.err:     at com.fernandocejas.android10.sample.presentation.view.device.router.tools.safestore.utils.UploadUtils.startPicRestoreTimer(UploadUtils.java:156)
03-17 15:58:10.202 7875-7875/com.qtec.router W/System.err:     at com.fernandocejas.android10.sample.presentation.view.device.router.tools.safestore.UploadFragment$4.run(UploadFragment.java:375)
03-17 15:58:10.202 7875-7875/com.qtec.router W/System.err:     at android.os.Handler.handleCallback(Handler.java:815)
03-17 15:58:10.202 7875-7875/com.qtec.router W/System.err:     at android.os.Handler.dispatchMessage(Handler.java:104)
03-17 15:58:10.202 7875-7875/com.qtec.router W/System.err:     at android.os.Looper.loop(Looper.java:207)
03-17 15:58:10.202 7875-7875/com.qtec.router W/System.err:     at android.app.ActivityThread.main(ActivityThread.java:5710)
03-17 15:58:10.202 7875-7875/com.qtec.router W/System.err:     at java.lang.reflect.Method.invoke(Native Method)
03-17 15:58:10.202 7875-7875/com.qtec.router W/System.err:     at com.android.internal.os.ZygoteInit$MethodAndArgsCaller.run(ZygoteInit.java:900)
03-17 15:58:10.202 7875-7875/com.qtec.router W/System.err:     at com.android.internal.os.ZygoteInit.main(ZygoteInit.java:761)
03-17 15:58:10.209 7875-15388/com.qtec.router W/System.err: java.io.FileNotFoundException: Missing parent folders of smb://192.168.1.1/qtec/来自：RedmiNote4/https:www.lgstatic.comiimage3M0025F7CgpOIFqX1CKARycCAAM9aninCk8197.JPG
03-17 15:58:10.210 7875-15388/com.qtec.router W/System.err:     at com.fernandocejas.android10.sample.presentation.sambalib.nativefacade.NativeSambaFacade.createFile(Native Method)
03-17 15:58:10.210 7875-15388/com.qtec.router W/System.err:     at com.fernandocejas.android10.sample.presentation.sambalib.nativefacade.NativeSambaFacade.createFile(NativeSambaFacade.java:81)
03-17 15:58:10.210 7875-15388/com.qtec.router W/System.err:     at com.fernandocejas.android10.sample.presentation.sambalib.nativefacade.SambaFacadeClient$SambaServiceHandler.processMessage(SambaFacadeClient.java:204)
03-17 15:58:10.210 7875-15388/com.qtec.router W/System.err:     at com.fernandocejas.android10.sample.presentation.sambalib.nativefacade.BaseClient$BaseHandler.handleMessage(BaseClient.java:51)
03-17 15:58:10.210 7875-15388/com.qtec.router W/System.err:     at android.os.Handler.dispatchMessage(Handler.java:111)
03-17 15:58:10.210 7875-15388/com.qtec.router W/System.err:     at android.os.Looper.loop(Looper.java:207)
03-17 15:58:10.210 7875-15388/com.qtec.router W/System.err:     at com.fernandocejas.android10.sample.presentation.sambalib.nativefacade.SambaMessageLooper.prepare(SambaMessageLooper.java:75)
03-17 15:58:10.211 7875-15388/com.qtec.router W/System.err:     at com.fernandocejas.android10.sample.presentation.sambalib.nativefacade.SambaMessageLooper.access$000(SambaMessageLooper.java:24)
03-17 15:58:10.211 7875-15388/com.qtec.router W/System.err:     at com.fernandocejas.android10.sample.presentation.sambalib.nativefacade.SambaMessageLooper$1.run(SambaMessageLooper.java:29)
03-17 15:58:10.211 7875-15388/com.qtec.router W/System.err:     at java.lang.Thread.run(Thread.java:818)
03-17 15:58:10.215 7875-15388/com.qtec.router I/System.out: 图片备份11：上传发生异常 导致暂停 isStopRestorePicture = true
03-17 15:58:10.218 7875-15388/com.qtec.router I/System.out: 图片备份定时器: stopPicRestoreTimer
03-17 15:58:10.307 7875-8188/com.qtec.router I/System.out: BluetoothService timer running+++++++++++++++++++++++++++++++++
03-17 15:58:10.307 7875-8188/com.qtec.router I/System.out: mBleUsing = false
03-17 15:58:10.311 7875-8188/com.qtec.router I/System.out: read object success!
03-17 15:58:10.312 7875-8188/com.qtec.router I/System.out: ---------------------------------------------usableLocks-----------------------------------------------
03-17 15:58:10.312 7875-8188/com.qtec.router I/System.out: mBleLocks = null
03-17 15:58:10.312 7875-8188/com.qtec.router I/System.out: ---------------------------------------------usableLocks-----------------------------------------------
03-17 15:58:10.327 7875-15389/com.qtec.router I/System.out: 图片备份定时器: startPicRestoreTimer
