03-17 15:57:57.438 7875-14811/com.qtec.router W/System.err:     at java.lang.Thread.run(Thread.java:818)
03-17 15:57:57.441 7875-14811/com.qtec.router I/System.out: 图片备份11：上传发生异常 导致暂停 isStopRestorePicture = true
03-17 15:57:57.442 7875-7875/com.qtec.router W/System.err: java.lang.IllegalStateException: TimerTask is scheduled already
03-17 15:57:57.442 7875-7875/com.qtec.router W/System.err:     at java.util.Timer.scheduleImpl(Timer.java:569)
03-17 15:57:57.442 7875-7875/com.qtec.router W/System.err:     at java.util.Timer.schedule(Timer.java:478)
03-17 15:57:57.442 7875-7875/com.qtec.router W/System.err:     at com.fernandocejas.android10.sample.presentation.view.device.router.tools.safestore.utils.UploadUtils.startPicRestoreTimer(UploadUtils.java:156)
03-17 15:57:57.442 7875-7875/com.qtec.router W/System.err:     at com.fernandocejas.android10.sample.presentation.view.device.router.tools.safestore.UploadFragment$4.run(UploadFragment.java:375)
03-17 15:57:57.442 7875-7875/com.qtec.router W/System.err:     at android.os.Handler.handleCallback(Handler.java:815)
03-17 15:57:57.442 7875-7875/com.qtec.router W/System.err:     at android.os.Handler.dispatchMessage(Handler.java:104)
03-17 15:57:57.442 7875-7875/com.qtec.router W/System.err:     at android.os.Looper.loop(Looper.java:207)
03-17 15:57:57.442 7875-7875/com.qtec.router W/System.err:     at android.app.ActivityThread.main(ActivityThread.java:5710)
03-17 15:57:57.442 7875-7875/com.qtec.router W/System.err:     at java.lang.reflect.Method.invoke(Native Method)
03-17 15:57:57.442 7875-7875/com.qtec.router W/System.err:     at com.android.internal.os.ZygoteInit$MethodAndArgsCaller.run(ZygoteInit.java:900)
03-17 15:57:57.442 7875-7875/com.qtec.router W/System.err:     at com.android.internal.os.ZygoteInit.main(ZygoteInit.java:761)
03-17 15:57:57.452 7875-14811/com.qtec.router I/System.out: 图片备份定时器: stopPicRestoreTimer
03-17 15:57:57.564 7875-14815/com.qtec.router I/System.out: 图片备份定时器: startPicRestoreTimer
03-17 15:57:57.572 7875-7925/com.qtec.router E/NativeSambaClient: Failed to create a file at smb://192.168.1.1/qtec/来自：RedmiNote4/https:www.lgstatic.comiimage3M0025F7CgpOIFqX1CKARycCAAM9aninCk8197.JPG. Errno: 2.
03-17 15:57:57.572 7875-14820/com.qtec.router W/System.err: java.io.FileNotFoundException: Missing parent folders of smb://192.168.1.1/qtec/来自：RedmiNote4/https:www.lgstatic.comiimage3M0025F7CgpOIFqX1CKARycCAAM9aninCk8197.JPG
03-17 15:57:57.573 7875-14820/com.qtec.router W/System.err:     at com.fernandocejas.android10.sample.presentation.sambalib.nativefacade.NativeSambaFacade.createFile(Native Method)
03-17 15:57:57.573 7875-14820/com.qtec.router W/System.err:     at com.fernandocejas.android10.sample.presentation.sambalib.nativefacade.NativeSambaFacade.createFile(NativeSambaFacade.java:81)
03-17 15:57:57.573 7875-14820/com.qtec.router W/System.err:     at com.fernandocejas.android10.sample.presentation.sambalib.nativefacade.SambaFacadeClient$SambaServiceHandler.processMessage(SambaFacadeClient.java:204)
03-17 15:57:57.573 7875-14820/com.qtec.router W/System.err:     at com.fernandocejas.android10.sample.presentation.sambalib.nativefacade.BaseClient$BaseHandler.handleMessage(BaseClient.java:51)
03-17 15:57:57.573 7875-14820/com.qtec.router W/System.err:     at android.os.Handler.dispatchMessage(Handler.java:111)
03-17 15:57:57.573 7875-14820/com.qtec.router W/System.err:     at android.os.Looper.loop(Looper.java:207)
03-17 15:57:57.573 7875-14820/com.qtec.router W/System.err:     at com.fernandocejas.android10.sample.presentation.sambalib.nativefacade.SambaMessageLooper.prepare(SambaMessageLooper.java:75)
03-17 15:57:57.573 7875-14820/com.qtec.router W/System.err:     at com.fernandocejas.android10.sample.presentation.sambalib.nativefacade.SambaMessageLooper.access$000(SambaMessageLooper.java:24)
03-17 15:57:57.573 7875-14820/com.qtec.router W/System.err:     at com.fernandocejas.android10.sample.presentation.sambalib.nativefacade.SambaMessageLooper$1.run(SambaMessageLooper.java:29)
03-17 15:57:57.573 7875-14820/com.qtec.router W/System.err:     at java.lang.Thread.run(Thread.java:818)
03-17 15:57:57.574 7875-14820/com.qtec.router I/System.out: 图片备份11：上传发生异常 导致暂停 isStopRestorePicture = true
03-17 15:57:57.574 7875-14820/com.qtec.router I/System.out: 图片备份定时器: stopPicRestoreTimer
03-17 15:57:57.632 7875-14821/com.qtec.router I/System.out: 图片备份定时器: startPicRestoreTimer
03-17 15:57:57.637 7875-7925/com.qtec.router E/NativeSambaClient: Failed to create a file at smb://192.168.1.1/qtec/来自：RedmiNote4/https:www.lgstatic.comiimage3M0025F7CgpOIFqX1CKARycCAAM9aninCk8197.JPG. Errno: 2.
03-17 15:57:57.637 7875-14824/com.qtec.router W/System.err: java.io.FileNotFoundException: Missing parent folders of smb://192.168.1.1/qtec/来自：RedmiNote4/https:www.lgstatic.comiimage3M0025F7CgpOIFqX1CKARycCAAM9aninCk8197.JPG
03-17 15:57:57.638 7875-14824/com.qtec.router W/System.err:     at com.fernandocejas.android10.sample.presentation.sambalib.nativefacade.NativeSambaFacade.createFile(Native Method)
03-17 15:57:57.638 7875-14824/com.qtec.router W/System.err:     at com.fernandocejas.android10.sample.presentation.sambalib.nativefacade.NativeSambaFacade.createFile(NativeSambaFacade.java:81)
03-17 15:57:57.638 7875-14824/com.qtec.router W/System.err:     at com.fernandocejas.android10.sample.presentation.sambalib.nativefacade.SambaFacadeClient$SambaServiceHandler.processMessage(SambaFacadeClient.java:204)
03-17 15:57:57.638 7875-14824/com.qtec.router W/System.err:     at com.fernandocejas.android10.sample.presentation.sambalib.nativefacade.BaseClient$BaseHandler.handleMessage(BaseClient.java:51)
03-17 15:57:57.638 7875-14824/com.qtec.router W/System.err:     at android.os.Handler.dispatchMessage(Handler.java:111)
03-17 15:57:57.638 7875-14824/com.qtec.router W/System.err:     at android.os.Looper.loop(Looper.java:207)
03-17 15:57:57.638 7875-14824/com.qtec.router W/System.err:     at com.fernandocejas.android10.sample.presentation.sambalib.nativefacade.SambaMessageLooper.prepare(SambaMessageLooper.java:75)
03-17 15:57:57.638 7875-14824/com.qtec.router W/System.err:     at com.fernandocejas.android10.sample.presentation.sambalib.nativefacade.SambaMessageLooper.access$000(SambaMessageLooper.java:24)
03-17 15:57:57.639 7875-14824/com.qtec.router W/System.err:     at com.fernandocejas.android10.sample.presentation.sambalib.nativefacade.SambaMessageLooper$1.run(SambaMessageLooper.java:29)
03-17 15:57:57.639 7875-14824/com.qtec.router W/System.err:     at java.lang.Thread.run(Thread.java:818)
03-17 15:57:57.639 7875-14824/com.qtec.router I/System.out: 图片备份11：上传发生异常 导致暂停 isStopRestorePicture = true
03-17 15:57:57.639 7875-14824/com.qtec.router I/System.out: 图片备份定时器: stopPicRestoreTimer
03-17 15:57:57.694 7875-14825/com.qtec.router I/System.out: 图片备份定时器: startPicRestoreTimer
03-17 15:57:57.702 7875-7925/com.qtec.router E/NativeSambaClient: Failed to create a file at smb://192.168.1.1/qtec/来自：RedmiNote4/https:www.lgstatic.comiimage3M0025F7CgpOIFqX1CKARycCAAM9aninCk8197.JPG. Errno: 2.
03-17 15:57:57.703 7875-14826/com.qtec.router W/System.err: java.io.FileNotFoundException: Missing parent folders of smb://192.168.1.1/qtec/来自：RedmiNote4/https:www.lgstatic.comiimage3M0025F7CgpOIFqX1CKARycCAAM9aninCk8197.JPG
03-17 15:57:57.704 7875-14826/com.qtec.router W/System.err:     at com.fernandocejas.android10.sample.presentation.sambalib.nativefacade.NativeSambaFacade.createFile(Native Method)
03-17 15:57:57.704 7875-14826/com.qtec.router W/System.err:     at com.fernandocejas.android10.sample.presentation.sambalib.nativefacade.NativeSambaFacade.createFile(NativeSambaFacade.java:81)
03-17 15:57:57.705 7875-14826/com.qtec.router W/System.err:     at com.fernandocejas.android10.sample.presentation.sambalib.nativefacade.SambaFacadeClient$SambaServiceHandler.processMessage(SambaFacadeClient.java:204)
03-17 15:57:57.705 7875-14826/com.qtec.router W/System.err:     at com.fernandocejas.android10.sample.presentation.sambalib.nativefacade.BaseClient$BaseHandler.handleMessage(BaseClient.java:51)
03-17 15:57:57.705 7875-14826/com.qtec.router W/System.err:     at android.os.Handler.dispatchMessage(Handler.java:111)
03-17 15:57:57.705 7875-14826/com.qtec.router W/System.err:     at android.os.Looper.loop(Looper.java:207)
03-17 15:57:57.705 7875-14826/com.qtec.router W/System.err:     at com.fernandocejas.android10.sample.presentation.sambalib.nativefacade.SambaMessageLooper.prepare(SambaMessageLooper.java:75)
03-17 15:57:57.705 7875-14826/com.qtec.router W/System.err:     at com.fernandocejas.android10.sample.presentation.sambalib.nativefacade.SambaMessageLooper.access$000(SambaMessageLooper.java:24)
03-17 15:57:57.705 7875-14826/com.qtec.router W/System.err:     at com.fernandocejas.android10.sample.presentation.sambalib.nativefacade.SambaMessageLooper$1.run(SambaMessageLooper.java:29)
03-17 15:57:57.705 7875-14826/com.qtec.router W/System.err:     at java.lang.Thread.run(Thread.java:818)
03-17 15:57:57.707 7875-14826/com.qtec.router I/System.out: 图片备份11：上传发生异常 导致暂停 isStopRestorePicture = true
03-17 15:57:57.709 7875-14826/com.qtec.router I/System.out: 图片备份定时器: stopPicRestoreTimer
03-17 15:57:57.762 7875-14827/com.qtec.router I/System.out: 图片备份定时器: startPicRestoreTimer
03-17 15:57:57.771 7875-7925/com.qtec.router E/NativeSambaClient: Failed to create a file at smb://192.168.1.1/qtec/来自：RedmiNote4/https:www.lgstatic.comiimage3M0025F7CgpOIFqX1CKARycCAAM9aninCk8197.JPG. Errno: 2.
03-17 15:57:57.773 7875-14828/com.qtec.router W/System.err: java.io.FileNotFoundException: Missing parent folders of smb://192.168.1.1/qtec/来自：RedmiNote4/https:www.lgstatic.comiimage3M0025F7CgpOIFqX1CKARycCAAM9aninCk8197.JPG
03-17 15:57:57.774 7875-14828/com.qtec.router W/System.err:     at com.fernandocejas.android10.sample.presentation.sambalib.nativefacade.NativeSambaFacade.createFile(Native Method)
03-17 15:57:57.779 7875-7875/com.qtec.router W/System.err: java.lang.IllegalStateException: TimerTask is scheduled already
03-17 15:57:57.779 7875-7875/com.qtec.router W/System.err:     at java.util.Timer.scheduleImpl(Timer.java:569)
03-17 15:57:57.779 7875-7875/com.qtec.router W/System.err:     at java.util.Timer.schedule(Timer.java:478)
03-17 15:57:57.780 7875-7875/com.qtec.router W/System.err:     at com.fernandocejas.android10.sample.presentation.view.device.router.tools.safestore.utils.UploadUtils.startPicRestoreTimer(UploadUtils.java:156)
03-17 15:57:57.780 7875-7875/com.qtec.router W/System.err:     at com.fernandocejas.android10.sample.presentation.view.device.router.tools.safestore.UploadFragment$4.run(UploadFragment.java:375)
03-17 15:57:57.780 7875-7875/com.qtec.router W/System.err:     at android.os.Handler.handleCallback(Handler.java:815)
03-17 15:57:57.780 7875-7875/com.qtec.router W/System.err:     at android.os.Handler.dispatchMessage(Handler.java:104)
03-17 15:57:57.780 7875-7875/com.qtec.router W/System.err:     at android.os.Looper.loop(Looper.java:207)
03-17 15:57:57.780 7875-7875/com.qtec.router W/System.err:     at android.app.ActivityThread.main(ActivityThread.java:5710)
03-17 15:57:57.780 7875-7875/com.qtec.router W/System.err:     at java.lang.reflect.Method.invoke(Native Method)
03-17 15:57:57.780 7875-7875/com.qtec.router W/System.err:     at com.android.internal.os.ZygoteInit$MethodAndArgsCaller.run(ZygoteInit.java:900)
03-17 15:57:57.780 7875-7875/com.qtec.router W/System.err:     at com.android.internal.os.ZygoteInit.main(ZygoteInit.java:761)
03-17 15:57:57.787 7875-14828/com.qtec.router W/System.err:     at com.fernandocejas.android10.sample.presentation.sambalib.nativefacade.NativeSambaFacade.createFile(NativeSambaFacade.java:81)
03-17 15:57:57.787 7875-14828/com.qtec.router W/System.err:     at com.fernandocejas.android10.sample.presentation.sambalib.nativefacade.SambaFacadeClient$SambaServiceHandler.processMessage(SambaFacadeClient.java:204)
03-17 15:57:57.787 7875-14828/com.qtec.router W/System.err:     at com.fernandocejas.android10.sample.presentation.sambalib.nativefacade.BaseClient$BaseHandler.handleMessage(BaseClient.java:51)
03-17 15:57:57.787 7875-14828/com.qtec.router W/System.err:     at android.os.Handler.dispatchMessage(Handler.java:111)
03-17 15:57:57.788 7875-14828/com.qtec.router W/System.err:     at android.os.Looper.loop(Looper.java:207)
03-17 15:57:57.788 7875-14828/com.qtec.router W/System.err:     at com.fernandocejas.android10.sample.presentation.sambalib.nativefacade.SambaMessageLooper.prepare(SambaMessageLooper.java:75)
03-17 15:57:57.788 7875-14828/com.qtec.router W/System.err:     at com.fernandocejas.android10.sample.presentation.sambalib.nativefacade.SambaMessageLooper.access$000(SambaMessageLooper.java:24)
03-17 15:57:57.788 7875-14828/com.qtec.router W/System.err:     at com.fernandocejas.android10.sample.presentation.sambalib.nativefacade.SambaMessageLooper$1.run(SambaMessageLooper.java:29)
03-17 15:57:57.788 7875-14828/com.qtec.router W/System.err:     at java.lang.Thread.run(Thread.java:818)
03-17 15:57:57.795 7875-14828/com.qtec.router I/System.out: 图片备份11：上传发生异常 导致暂停 isStopRestorePicture = true
03-17 15:57:57.796 7875-14828/com.qtec.router I/System.out: 图片备份定时器: stopPicRestoreTimer
03-17 15:57:57.902 7875-14829/com.qtec.router I/System.out: 图片备份定时器: startPicRestoreTimer
03-17 15:57:57.913 7875-7925/com.qtec.router E/NativeSambaClient: Failed to create a file at smb://192.168.1.1/qtec/来自：RedmiNote4/https:www.lgstatic.comiimage3M0025F7CgpOIFqX1CKARycCAAM9aninCk8197.JPG. Errno: 2.
03-17 15:57:57.914 7875-14830/com.qtec.router W/System.err: java.io.FileNotFoundException: Missing parent folders of smb://192.168.1.1/qtec/来自：RedmiNote4/https:www.lgstatic.comiimage3M0025F7CgpOIFqX1CKARycCAAM9aninCk8197.JPG
03-17 15:57:57.915 7875-14830/com.qtec.router W/System.err:     at com.fernandocejas.android10.sample.presentation.sambalib.nativefacade.NativeSambaFacade.createFile(Native Method)
03-17 15:57:57.915 7875-14830/com.qtec.router W/System.err:     at com.fernandocejas.android10.sample.presentation.sambalib.nativefacade.NativeSambaFacade.createFile(NativeSambaFacade.java:81)
03-17 15:57:57.915 7875-14830/com.qtec.router W/System.err:     at com.fernandocejas.android10.sample.presentation.sambalib.nativefacade.SambaFacadeClient$SambaServiceHandler.processMessage(SambaFacadeClient.java:204)
03-17 15:57:57.915 7875-14830/com.qtec.router W/System.err:     at com.fernandocejas.android10.sample.presentation.sambalib.nativefacade.BaseClient$BaseHandler.handleMessage(BaseClient.java:51)
03-17 15:57:57.915 7875-14830/com.qtec.router W/System.err:     at android.os.Handler.dispatchMessage(Handler.java:111)
03-17 15:57:57.915 7875-14830/com.qtec.router W/System.err:     at android.os.Looper.loop(Looper.java:207)
03-17 15:57:57.915 7875-14830/com.qtec.router W/System.err:     at com.fernandocejas.android10.sample.presentation.sambalib.nativefacade.SambaMessageLooper.prepare(SambaMessageLooper.java:75)
03-17 15:57:57.915 7875-14830/com.qtec.router W/System.err:     at com.fernandocejas.android10.sample.presentation.sambalib.nativefacade.SambaMessageLooper.access$000(SambaMessageLooper.java:24)
03-17 15:57:57.919 7875-7875/com.qtec.router W/System.err: java.lang.IllegalStateException: TimerTask is scheduled already
03-17 15:57:57.919 7875-7875/com.qtec.router W/System.err:     at java.util.Timer.scheduleImpl(Timer.java:569)
03-17 15:57:57.919 7875-7875/com.qtec.router W/System.err:     at java.util.Timer.schedule(Timer.java:478)
03-17 15:57:57.919 7875-7875/com.qtec.router W/System.err:     at com.fernandocejas.android10.sample.presentation.view.device.router.tools.safestore.utils.UploadUtils.startPicRestoreTimer(UploadUtils.java:156)
03-17 15:57:57.919 7875-7875/com.qtec.router W/System.err:     at com.fernandocejas.android10.sample.presentation.view.device.router.tools.safestore.UploadFragment$4.run(UploadFragment.java:375)
03-17 15:57:57.919 7875-7875/com.qtec.router W/System.err:     at android.os.Handler.handleCallback(Handler.java:815)
03-17 15:57:57.920 7875-7875/com.qtec.router W/System.err:     at android.os.Handler.dispatchMessage(Handler.java:104)
03-17 15:57:57.920 7875-7875/com.qtec.router W/System.err:     at android.os.Looper.loop(Looper.java:207)
03-17 15:57:57.920 7875-7875/com.qtec.router W/System.err:     at android.app.ActivityThread.main(ActivityThread.java:5710)
03-17 15:57:57.920 7875-7875/com.qtec.router W/System.err:     at java.lang.reflect.Method.invoke(Native Method)
03-17 15:57:57.920 7875-7875/com.qtec.router W/System.err:     at com.android.internal.os.ZygoteInit$MethodAndArgsCaller.run(ZygoteInit.java:900)
03-17 15:57:57.920 7875-7875/com.qtec.router W/System.err:     at com.android.internal.os.ZygoteInit.main(ZygoteInit.java:761)
03-17 15:57:57.926 7875-14830/com.qtec.router W/System.err:     at com.fernandocejas.android10.sample.presentation.sambalib.nativefacade.SambaMessageLooper$1.run(SambaMessageLooper.java:29)
03-17 15:57:57.928 7875-14830/com.qtec.router W/System.err:     at java.lang.Thread.run(Thread.java:818)
03-17 15:57:57.930 7875-14830/com.qtec.router I/System.out: 图片备份11：上传发生异常 导致暂停 isStopRestorePicture = true
03-17 15:57:57.931 7875-14830/com.qtec.router I/System.out: 图片备份定时器: stopPicRestoreTimer
03-17 15:57:58.036 7875-14831/com.qtec.router I/System.out: 图片备份定时器: startPicRestoreTimer
03-17 15:57:58.044 7875-7925/com.qtec.router E/NativeSambaClient: Failed to create a file at smb://192.168.1.1/qtec/来自：RedmiNote4/https:www.lgstatic.comiimage3M0025F7CgpOIFqX1CKARycCAAM9aninCk8197.JPG. Errno: 2.
03-17 15:57:58.046 7875-14832/com.qtec.router W/System.err: java.io.FileNotFoundException: Missing parent folders of smb://192.168.1.1/qtec/来自：RedmiNote4/https:www.lgstatic.comiimage3M0025F7CgpOIFqX1CKARycCAAM9aninCk8197.JPG
03-17 15:57:58.047 7875-14832/com.qtec.router W/System.err:     at com.fernandocejas.android10.sample.presentation.sambalib.nativefacade.NativeSambaFacade.createFile(Native Method)
03-17 15:57:58.047 7875-14832/com.qtec.router W/System.err:     at com.fernandocejas.android10.sample.presentation.sambalib.nativefacade.NativeSambaFacade.createFile(NativeSambaFacade.java:81)
03-17 15:57:58.049 7875-7875/com.qtec.router W/System.err: 	at java.lang.IllegalStateException: TimerTask is scheduled already
03-17 15:57:58.049 7875-7875/com.qtec.router W/System.err:     at java.util.Timer.scheduleImpl(Timer.java:569)
03-17 15:57:58.050 7875-7875/com.qtec.router W/System.err:     at java.util.Timer.schedule(Timer.java:478)
03-17 15:57:58.050 7875-7875/com.qtec.router W/System.err:     at com.fernandocejas.android10.sample.presentation.view.device.router.tools.safestore.utils.UploadUtils.startPicRestoreTimer(UploadUtils.java:156)
03-17 15:57:58.050 7875-7875/com.qtec.router W/System.err:     at com.fernandocejas.android10.sample.presentation.view.device.router.tools.safestore.UploadFragment$4.run(UploadFragment.java:375)
03-17 15:57:58.050 7875-7875/com.qtec.router W/System.err:     at android.os.Handler.handleCallback(Handler.java:815)
03-17 15:57:58.050 7875-7875/com.qtec.router W/System.err:     at android.os.Handler.dispatchMessage(Handler.java:104)
03-17 15:57:58.050 7875-7875/com.qtec.router W/System.err:     at android.os.Looper.loop(Looper.java:207)
03-17 15:57:58.050 7875-7875/com.qtec.router W/System.err:     at android.app.ActivityThread.main(ActivityThread.java:5710)
03-17 15:57:58.050 7875-7875/com.qtec.router W/System.err:     at java.lang.reflect.Method.invoke(Native Method)
03-17 15:57:58.050 7875-7875/com.qtec.router W/System.err:     at com.android.internal.os.ZygoteInit$MethodAndArgsCaller.run(ZygoteInit.java:900)
03-17 15:57:58.050 7875-7875/com.qtec.router W/System.err:     at com.android.internal.os.ZygoteInit.main(ZygoteInit.java:761)
03-17 15:57:58.059 7875-14832/com.qtec.router W/System.err: com.fernandocejas.android10.sample.presentation.sambalib.nativefacade.SambaFacadeClient$SambaServiceHandler.processMessage(SambaFacadeClient.java:204)
03-17 15:57:58.059 7875-14832/com.qtec.router W/System.err:     at com.fernandocejas.android10.sample.presentation.sambalib.nativefacade.BaseClient$BaseHandler.handleMessage(BaseClient.java:51)
03-17 15:57:58.059 7875-14832/com.qtec.router W/System.err:     at android.os.Handler.dispatchMessage(Handler.java:111)
03-17 15:57:58.059 7875-14832/com.qtec.router W/System.err:     at android.os.Looper.loop(Looper.java:207)
03-17 15:57:58.059 7875-14832/com.qtec.router W/System.err:     at com.fernandocejas.android10.sample.presentation.sambalib.nativefacade.SambaMessageLooper.prepare(SambaMessageLooper.java:75)
03-17 15:57:58.062 7875-14832/com.qtec.router W/System.err:     at com.fernandocejas.android10.sample.presentation.sambalib.nativefacade.SambaMessageLooper.access$000(SambaMessageLooper.java:24)
03-17 15:57:58.062 7875-14832/com.qtec.router W/System.err:     at com.fernandocejas.android10.sample.presentation.sambalib.nativefacade.SambaMessageLooper$1.run(SambaMessageLooper.java:29)
03-17 15:57:58.062 7875-14832/com.qtec.router W/System.err:     at java.lang.Thread.run(Thread.java:818)
03-17 15:57:58.067 7875-14832/com.qtec.router I/System.out: 图片备份11：上传发生异常 导致暂停 isStopRestorePicture = true
03-17 15:57:58.071 7875-14832/com.qtec.router I/System.out: 图片备份定时器: stopPicRestoreTimer
03-17 15:57:58.174 7875-14837/com.qtec.router I/System.out: 图片备份定时器: startPicRestoreTimer
03-17 15:57:58.181 7875-7925/com.qtec.router E/NativeSambaClient: Failed to create a file at smb://192.168.1.1/qtec/来自：RedmiNote4/https:www.lgstatic.comiimage3M0025F7CgpOIFqX1CKARycCAAM9aninCk8197.JPG. Errno: 2.
03-17 15:57:58.181 7875-14840/com.qtec.router W/System.err: java.io.FileNotFoundException: Missing parent folders of smb://192.168.1.1/qtec/来自：RedmiNote4/https:www.lgstatic.comiimage3M0025F7CgpOIFqX1CKARycCAAM9aninCk8197.JPG
03-17 15:57:58.181 7875-14840/com.qtec.router W/System.err:     at com.fernandocejas.android10.sample.presentation.sambalib.nativefacade.NativeSambaFacade.createFile(Native Method)
03-17 15:57:58.182 7875-14840/com.qtec.router W/System.err:     at com.fernandocejas.android10.sample.presentation.sambalib.nativefacade.NativeSambaFacade.createFile(NativeSambaFacade.java:81)
03-17 15:57:58.182 7875-14840/com.qtec.router W/System.err:     at com.fernandocejas.android10.sample.presentation.sambalib.nativefacade.SambaFacadeClient$SambaServiceHandler.processMessage(SambaFacadeClient.java:204)
03-17 15:57:58.182 7875-14840/com.qtec.router W/System.err:     at com.fernandocejas.android10.sample.presentation.sambalib.nativefacade.BaseClient$BaseHandler.handleMessage(BaseClient.java:51)
03-17 15:57:58.182 7875-14840/com.qtec.router W/System.err:     at android.os.Handler.dispatchMessage(Handler.java:111)
03-17 15:57:58.182 7875-14840/com.qtec.router W/System.err:     at android.os.Looper.loop(Looper.java:207)
03-17 15:57:58.182 7875-14840/com.qtec.router W/System.err:     at com.fernandocejas.android10.sample.presentation.sambalib.nativefacade.SambaMessageLooper.prepare(SambaMessageLooper.java:75)
03-17 15:57:58.182 7875-14840/com.qtec.router W/System.err:     at com.fernandocejas.android10.sample.presentation.sambalib.nativefacade.SambaMessageLooper.access$000(SambaMessageLooper.java:24)
03-17 15:57:58.182 7875-14840/com.qtec.router W/System.err:     at com.fernandocejas.android10.sample.presentation.sambalib.nativefacade.SambaMessageLooper$1.run(SambaMessageLooper.java:29)
03-17 15:57:58.182 7875-14840/com.qtec.router W/System.err:     at java.lang.Thread.run(Thread.java:818)
03-17 15:57:58.182 7875-14840/com.qtec.router I/System.out: 图片备份11：上传发生异常 导致暂停 isStopRestorePicture = true
03-17 15:57:58.182 7875-14840/com.qtec.router I/System.out: 图片备份定时器: stopPicRestoreTimer
03-17 15:57:58.242 7875-14841/com.qtec.router I/System.out: 图片备份定时器: startPicRestoreTimer
03-17 15:57:58.248 7875-7925/com.qtec.router E/NativeSambaClient: Failed to create a file at smb://192.168.1.1/qtec/来自：RedmiNote4/https:www.lgstatic.comiimage3M0025F7CgpOIFqX1CKARycCAAM9aninCk8197.JPG. Errno: 2.
03-17 15:57:58.249 7875-14844/com.qtec.router W/System.err: java.io.FileNotFoundException: Missing parent folders of smb://192.168.1.1/qtec/来自：RedmiNote4/https:www.lgstatic.comiimage3M0025F7CgpOIFqX1CKARycCAAM9aninCk8197.JPG
03-17 15:57:58.249 7875-14844/com.qtec.router W/System.err:     at com.fernandocejas.android10.sample.presentation.sambalib.nativefacade.NativeSambaFacade.createFile(Native Method)
03-17 15:57:58.250 7875-14844/com.qtec.router W/System.err:     at com.fernandocejas.android10.sample.presentation.sambalib.nativefacade.NativeSambaFacade.createFile(NativeSambaFacade.java:81)
03-17 15:57:58.250 7875-14844/com.qtec.router W/System.err:     at com.fernandocejas.android10.sample.presentation.sambalib.nativefacade.SambaFacadeClient$SambaServiceHandler.processMessage(SambaFacadeClient.java:204)
03-17 15:57:58.250 7875-14844/com.qtec.router W/System.err:     at com.fernandocejas.android10.sample.presentation.sambalib.nativefacade.BaseClient$BaseHandler.handleMessage(BaseClient.java:51)
03-17 15:57:58.250 7875-14844/com.qtec.router W/System.err:     at android.os.Handler.dispatchMessage(Handler.java:111)
03-17 15:57:58.250 7875-14844/com.qtec.router W/System.err:     at android.os.Looper.loop(Looper.java:207)
03-17 15:57:58.250 7875-14844/com.qtec.router W/System.err:     at com.fernandocejas.android10.sample.presentation.sambalib.nativefacade.SambaMessageLooper.prepare(SambaMessageLooper.java:75)
03-17 15:57:58.250 7875-14844/com.qtec.router W/System.err:     at com.fernandocejas.android10.sample.presentation.sambalib.nativefacade.SambaMessageLooper.access$000(SambaMessageLooper.java:24)
03-17 15:57:58.251 7875-14844/com.qtec.router W/System.err:     at com.fernandocejas.android10.sample.presentation.sambalib.nativefacade.SambaMessageLooper$1.run(SambaMessageLooper.java:29)
03-17 15:57:58.251 7875-14844/com.qtec.router W/System.err:     at java.lang.Thread.run(Thread.java:818)
03-17 15:57:58.251 7875-14844/com.qtec.router I/System.out: 图片备份11：上传发生异常 导致暂停 isStopRestorePicture = true
03-17 15:57:58.252 7875-7875/com.qtec.router W/System.err: java.lang.IllegalStateException: Timer was canceled
03-17 15:57:58.252 7875-7875/com.qtec.router W/System.err:     at java.util.Timer.scheduleImpl(Timer.java:558)
03-17 15:57:58.252 7875-7875/com.qtec.router W/System.err:     at java.util.Timer.schedule(Timer.java:478)
03-17 15:57:58.252 7875-7875/com.qtec.router W/System.err:     at com.fernandocejas.android10.sample.presentation.view.device.router.tools.safestore.utils.UploadUtils.startPicRestoreTimer(UploadUtils.java:156)
03-17 15:57:58.253 7875-7875/com.qtec.router W/System.err:     at com.fernandocejas.android10.sample.presentation.view.device.router.tools.safestore.UploadFragment$4.run(UploadFragment.java:375)
03-17 15:57:58.253 7875-7875/com.qtec.router W/System.err:     at android.os.Handler.handleCallback(Handler.java:815)
03-17 15:57:58.253 7875-7875/com.qtec.router W/System.err:     at android.os.Handler.dispatchMessage(Handler.java:104)
03-17 15:57:58.253 7875-7875/com.qtec.router W/System.err:     at android.os.Looper.loop(Looper.java:207)
03-17 15:57:58.253 7875-7875/com.qtec.router W/System.err:     at android.app.ActivityThread.main(ActivityThread.java:5710)
03-17 15:57:58.253 7875-7875/com.qtec.router W/System.err:     at java.lang.reflect.Method.invoke(Native Method)
03-17 15:57:58.253 7875-7875/com.qtec.router W/System.err:     at com.android.internal.os.ZygoteInit$MethodAndArgsCaller.run(ZygoteInit.java:900)
03-17 15:57:58.253 7875-7875/com.qtec.router W/System.err:     at com.android.internal.os.ZygoteInit.main(ZygoteInit.java:761)
03-17 15:57:58.255 7875-14844/com.qtec.router I/System.out: 图片备份定时器: stopPicRestoreTimer
03-17 15:57:58.308 7875-8188/com.qtec.router I/System.out: BluetoothService timer running+++++++++++++++++++++++++++++++++
03-17 15:57:58.308 7875-8188/com.qtec.router I/System.out: mBleUsing = false
03-17 15:57:58.312 7875-8188/com.qtec.router I/System.out: read object success!
03-17 15:57:58.312 7875-8188/com.qtec.router I/System.out: ---------------------------------------------usableLocks-----------------------------------------------
03-17 15:57:58.312 7875-8188/com.qtec.router I/System.out: mBleLocks = null
03-17 15:57:58.312 7875-8188/com.qtec.router I/System.out: ---------------------------------------------usableLocks-----------------------------------------------
03-17 15:57:58.373 7875-14845/com.qtec.router I/System.out: 图片备份定时器: startPicRestoreTimer
03-17 15:57:58.382 7875-7925/com.qtec.router E/NativeSambaClient: Failed to create a file at smb://192.168.1.1/qtec/来自：RedmiNote4/https:www.lgstatic.comiimage3M0025F7CgpOIFqX1CKARycCAAM9aninCk8197.JPG. Errno: 2.
03-17 15:57:58.384 7875-14846/com.qtec.router W/System.err: java.io.FileNotFoundException: Missing parent folders of smb://192.168.1.1/qtec/来自：RedmiNote4/https:www.lgstatic.comiimage3M0025F7CgpOIFqX1CKARycCAAM9aninCk8197.JPG
03-17 15:57:58.384 7875-14846/com.qtec.router W/System.err:     at com.fernandocejas.android10.sample.presentation.sambalib.nativefacade.NativeSambaFacade.createFile(Native Method)
03-17 15:57:58.384 7875-14846/com.qtec.router W/System.err:     at com.fernandocejas.android10.sample.presentation.sambalib.nativefacade.NativeSambaFacade.createFile(NativeSambaFacade.java:81)
03-17 15:57:58.385 7875-14846/com.qtec.router W/System.err:     at com.fernandocejas.android10.sample.presentation.sambalib.nativefacade.SambaFacadeClient$SambaServiceHandler.processMessage(SambaFacadeClient.java:204)
03-17 15:57:58.385 7875-14846/com.qtec.router W/System.err:     at com.fernandocejas.android10.sample.presentation.sambalib.nativefacade.BaseClient$BaseHandler.handleMessage(BaseClient.java:51)
03-17 15:57:58.385 7875-14846/com.qtec.router W/System.err:     at android.os.Handler.dispatchMessage(Handler.java:111)
03-17 15:57:58.385 7875-14846/com.qtec.router W/System.err:     at android.os.Looper.loop(Looper.java:207)
03-17 15:57:58.385 7875-14846/com.qtec.router W/System.err:     at com.fernandocejas.android10.sample.presentation.sambalib.nativefacade.SambaMessageLooper.prepare(SambaMessageLooper.java:75)
03-17 15:57:58.385 7875-14846/com.qtec.router W/System.err:     at com.fernandocejas.android10.sample.presentation.sambalib.nativefacade.SambaMessageLooper.access$000(SambaMessageLooper.java:24)
03-17 15:57:58.385 7875-14846/com.qtec.router W/System.err:     at com.fernandocejas.android10.sample.presentation.sambalib.nativefacade.SambaMessageLooper$1.run(SambaMessageLooper.java:29)
03-17 15:57:58.385 7875-14846/com.qtec.router W/System.err:     at java.lang.Thread.run(Thread.java:818)
03-17 15:57:58.386 7875-7875/com.qtec.router W/System.err: java.lang.IllegalStateException: TimerTask is scheduled already
03-17 15:57:58.386 7875-7875/com.qtec.router W/System.err:     at java.util.Timer.scheduleImpl(Timer.java:569)
03-17 15:57:58.386 7875-7875/com.qtec.router W/System.err:     at java.util.Timer.schedule(Timer.java:478)
03-17 15:57:58.387 7875-7875/com.qtec.router W/System.err:     at com.fernandocejas.android10.sample.presentation.view.device.router.tools.safestore.utils.UploadUtils.startPicRestoreTimer(UploadUtils.java:156)
03-17 15:57:58.387 7875-7875/com.qtec.router W/System.err:     at com.fernandocejas.android10.sample.presentation.view.device.router.tools.safestore.UploadFragment$4.run(UploadFragment.java:375)
03-17 15:57:58.387 7875-7875/com.qtec.router W/System.err:     at android.os.Handler.handleCallback(Handler.java:815)
03-17 15:57:58.387 7875-7875/com.qtec.router W/System.err:     at android.os.Handler.dispatchMessage(Handler.java:104)
03-17 15:57:58.387 7875-7875/com.qtec.router W/System.err:     at android.os.Looper.loop(Looper.java:207)
03-17 15:57:58.387 7875-7875/com.qtec.router W/System.err:     at android.app.ActivityThread.main(ActivityThread.java:5710)
03-17 15:57:58.387 7875-7875/com.qtec.router W/System.err:     at java.lang.reflect.Method.invoke(Native Method)
03-17 15:57:58.387 7875-7875/com.qtec.router W/System.err:     at com.android.internal.os.ZygoteInit$MethodAndArgsCaller.run(ZygoteInit.java:900)
03-17 15:57:58.387 7875-7875/com.qtec.router W/System.err:     at com.android.internal.os.ZygoteInit.main(ZygoteInit.java:761)
03-17 15:57:58.395 7875-14846/com.qtec.router I/System.out: 图片备份11：上传发生异常 导致暂停 isStopRestorePicture = true
03-17 15:57:58.396 7875-14846/com.qtec.router I/System.out: 图片备份定时器: stopPicRestoreTimer
03-17 15:57:58.505 7875-14847/com.qtec.router I/System.out: 图片备份定时器: startPicRestoreTimer
03-17 15:57:58.517 7875-7925/com.qtec.router E/NativeSambaClient: Failed to create a file at smb://192.168.1.1/qtec/来自：RedmiNote4/https:www.lgstatic.comiimage3M0025F7CgpOIFqX1CKARycCAAM9aninCk8197.JPG. Errno: 2.
03-17 15:57:58.518 7875-14849/com.qtec.router W/System.err: java.io.FileNotFoundException: Missing parent folders of smb://192.168.1.1/qtec/来自：RedmiNote4/https:www.lgstatic.comiimage3M0025F7CgpOIFqX1CKARycCAAM9aninCk8197.JPG
03-17 15:57:58.519 7875-7875/com.qtec.router W/System.err: java.lang.IllegalStateException: TimerTask is scheduled already
03-17 15:57:58.520 7875-7875/com.qtec.router W/System.err:     at java.util.Timer.scheduleImpl(Timer.java:569)
03-17 15:57:58.520 7875-7875/com.qtec.router W/System.err:     at java.util.Timer.schedule(Timer.java:478)
03-17 15:57:58.520 7875-7875/com.qtec.router W/System.err:     at com.fernandocejas.android10.sample.presentation.view.device.router.tools.safestore.utils.UploadUtils.startPicRestoreTimer(UploadUtils.java:156)
03-17 15:57:58.520 7875-7875/com.qtec.router W/System.err:     at com.fernandocejas.android10.sample.presentation.view.device.router.tools.safestore.UploadFragment$4.run(UploadFragment.java:375)
03-17 15:57:58.520 7875-7875/com.qtec.router W/System.err:     at android.os.Handler.handleCallback(Handler.java:815)
03-17 15:57:58.520 7875-7875/com.qtec.router W/System.err:     at android.os.Handler.dispatchMessage(Handler.java:104)
03-17 15:57:58.520 7875-7875/com.qtec.router W/System.err:     at android.os.Looper.loop(Looper.java:207)
03-17 15:57:58.520 7875-7875/com.qtec.router W/System.err:     at android.app.ActivityThread.main(ActivityThread.java:5710)
03-17 15:57:58.520 7875-7875/com.qtec.router W/System.err:     at java.lang.reflect.Method.invoke(Native Method)
03-17 15:57:58.520 7875-7875/com.qtec.router W/System.err:     at com.android.internal.os.ZygoteInit$MethodAndArgsCaller.run(ZygoteInit.java:900)
03-17 15:57:58.520 7875-7875/com.qtec.router W/System.err:     at com.android.internal.os.ZygoteInit.main(ZygoteInit.java:761)
03-17 15:57:58.529 7875-14849/com.qtec.router W/System.err:     at com.fernandocejas.android10.sample.presentation.sambalib.nativefacade.NativeSambaFacade.createFile(Native Method)
03-17 15:57:58.529 7875-14849/com.qtec.router W/System.err:     at com.fernandocejas.android10.sample.presentation.sambalib.nativefacade.NativeSambaFacade.createFile(NativeSambaFacade.java:81)
03-17 15:57:58.529 7875-14849/com.qtec.router W/System.err:     at com.fernandocejas.android10.sample.presentation.sambalib.nativefacade.SambaFacadeClient$SambaServiceHandler.processMessage(SambaFacadeClient.java:204)
03-17 15:57:58.529 7875-14849/com.qtec.router W/System.err:     at com.fernandocejas.android10.sample.presentation.sambalib.nativefacade.BaseClient$BaseHandler.handleMessage(BaseClient.java:51)
03-17 15:57:58.529 7875-14849/com.qtec.router W/System.err:     at android.os.Handler.dispatchMessage(Handler.java:111)
03-17 15:57:58.529 7875-14849/com.qtec.router W/System.err:     at android.os.Looper.loop(Looper.java:207)
03-17 15:57:58.529 7875-14849/com.qtec.router W/System.err:     at com.fernandocejas.android10.sample.presentation.sambalib.nativefacade.SambaMessageLooper.prepare(SambaMessageLooper.java:75)
03-17 15:57:58.529 7875-14849/com.qtec.router W/System.err:     at com.fernandocejas.android10.sample.presentation.sambalib.nativefacade.SambaMessageLooper.access$000(SambaMessageLooper.java:24)
03-17 15:57:58.529 7875-14849/com.qtec.router W/System.err:     at com.fernandocejas.android10.sample.presentation.sambalib.nativefacade.SambaMessageLooper$1.run(SambaMessageLooper.java:29)
03-17 15:57:58.529 7875-14849/com.qtec.router W/System.err:     at java.lang.Thread.run(Thread.java:818)
03-17 15:57:58.532 7875-14849/com.qtec.router I/System.out: 图片备份11：上传发生异常 导致暂停 isStopRestorePicture = true
03-17 15:57:58.534 7875-14849/com.qtec.router I/System.out: 图片备份定时器: stopPicRestoreTimer
03-17 15:57:58.640 7875-14850/com.qtec.router I/System.out: 图片备份定时器: startPicRestoreTimer
03-17 15:57:58.655 7875-7875/com.qtec.router W/System.err: java.lang.IllegalStateException: TimerTask is scheduled already
03-17 15:57:58.655 7875-7875/com.qtec.router W/System.err:     at java.util.Timer.scheduleImpl(Timer.java:569)
03-17 15:57:58.658 7875-7875/com.qtec.router W/System.err:     at java.util.Timer.schedule(Timer.java:478)
03-17 15:57:58.658 7875-7875/com.qtec.router W/System.err:     at com.fernandocejas.android10.sample.presentation.view.device.router.tools.safestore.utils.UploadUtils.startPicRestoreTimer(UploadUtils.java:156)
03-17 15:57:58.658 7875-7875/com.qtec.router W/System.err:     at com.fernandocejas.android10.sample.presentation.view.device.router.tools.safestore.UploadFragment$4.run(UploadFragment.java:375)
03-17 15:57:58.658 7875-7875/com.qtec.router W/System.err:     at android.os.Handler.handleCallback(Handler.java:815)
03-17 15:57:58.658 7875-7875/com.qtec.router W/System.err:     at android.os.Handler.dispatchMessage(Handler.java:104)
03-17 15:57:58.665 7875-7925/com.qtec.router E/NativeSambaClient: Failed to create a file at smb://192.168.1.1/qtec/来自：RedmiNote4/https:www.lgstatic.comiimage3M0025F7CgpOIFqX1CKARycCAAM9aninCk8197.JPG. Errno: 2.
03-17 15:57:58.667 7875-7875/com.qtec.router W/System.err:     at android.os.Looper.loop(Looper.java:207)
03-17 15:57:58.667 7875-7875/com.qtec.router W/System.err:     at android.app.ActivityThread.main(ActivityThread.java:5710)
03-17 15:57:58.667 7875-7875/com.qtec.router W/System.err:     at java.lang.reflect.Method.invoke(Native Method)
03-17 15:57:58.667 7875-7875/com.qtec.router W/System.err:     at com.android.internal.os.ZygoteInit$MethodAndArgsCaller.run(ZygoteInit.java:900)
03-17 15:57:58.667 7875-7875/com.qtec.router W/System.err:     at com.android.internal.os.ZygoteInit.main(ZygoteInit.java:761)
03-17 15:57:58.672 7875-14851/com.qtec.router W/System.err: java.io.FileNotFoundException: Missing parent folders of smb://192.168.1.1/qtec/来自：RedmiNote4/https:www.lgstatic.comiimage3M0025F7CgpOIFqX1CKARycCAAM9aninCk8197.JPG
03-17 15:57:58.673 7875-14851/com.qtec.router W/System.err:     at com.fernandocejas.android10.sample.presentation.sambalib.nativefacade.NativeSambaFacade.createFile(Native Method)
03-17 15:57:58.673 7875-14851/com.qtec.router W/System.err:     at com.fernandocejas.android10.sample.presentation.sambalib.nativefacade.NativeSambaFacade.createFile(NativeSambaFacade.java:81)
03-17 15:57:58.673 7875-14851/com.qtec.router W/System.err:     at com.fernandocejas.android10.sample.presentation.sambalib.nativefacade.SambaFacadeClient$SambaServiceHandler.processMessage(SambaFacadeClient.java:204)
03-17 15:57:58.673 7875-14851/com.qtec.router W/System.err:     at com.fernandocejas.android10.sample.presentation.sambalib.nativefacade.BaseClient$BaseHandler.handleMessage(BaseClient.java:51)
03-17 15:57:58.673 7875-14851/com.qtec.router W/System.err:     at android.os.Handler.dispatchMessage(Handler.java:111)
03-17 15:57:58.673 7875-14851/com.qtec.router W/System.err:     at android.os.Looper.loop(Looper.java:207)
03-17 15:57:58.673 7875-14851/com.qtec.router W/System.err:     at com.fernandocejas.android10.sample.presentation.sambalib.nativefacade.SambaMessageLooper.prepare(SambaMessageLooper.java:75)
03-17 15:57:58.673 7875-14851/com.qtec.router W/System.err:     at com.fernandocejas.android10.sample.presentation.sambalib.nativefacade.SambaMessageLooper.access$000(SambaMessageLooper.java:24)
03-17 15:57:58.674 7875-14851/com.qtec.router W/System.err:     at com.fernandocejas.android10.sample.presentation.sambalib.nativefacade.SambaMessageLooper$1.run(SambaMessageLooper.java:29)
03-17 15:57:58.674 7875-14851/com.qtec.router W/System.err:     at java.lang.Thread.run(Thread.java:818)
03-17 15:57:58.690 7875-14851/com.qtec.router I/System.out: 图片备份11：上传发生异常 导致暂停 isStopRestorePicture = true
03-17 15:57:58.697 7875-14851/com.qtec.router I/System.out: 图片备份定时器: stopPicRestoreTimer
03-17 15:57:58.798 7875-14856/com.qtec.router I/System.out: 图片备份定时器: startPicRestoreTimer
03-17 15:57:58.808 7875-7925/com.qtec.router E/NativeSambaClient: Failed to create a file at smb://192.168.1.1/qtec/来自：RedmiNote4/https:www.lgstatic.comiimage3M0025F7CgpOIFqX1CKARycCAAM9aninCk8197.JPG. Errno: 2.
03-17 15:57:58.809 7875-14861/com.qtec.router W/System.err: java.io.FileNotFoundException: Missing parent folders of smb://192.168.1.1/qtec/来自：RedmiNote4/https:www.lgstatic.comiimage3M0025F7CgpOIFqX1CKARycCAAM9aninCk8197.JPG
03-17 15:57:58.809 7875-14861/com.qtec.router W/System.err:     at com.fernandocejas.android10.sample.presentation.sambalib.nativefacade.NativeSambaFacade.createFile(Native Method)
03-17 15:57:58.809 7875-14861/com.qtec.router W/System.err:     at com.fernandocejas.android10.sample.presentation.sambalib.nativefacade.NativeSambaFacade.createFile(NativeSambaFacade.java:81)
03-17 15:57:58.809 7875-14861/com.qtec.router W/System.err:     at com.fernandocejas.android10.sample.presentation.sambalib.nativefacade.SambaFacadeClient$SambaServiceHandler.processMessage(SambaFacadeClient.java:204)
03-17 15:57:58.809 7875-14861/com.qtec.router W/System.err:     at com.fernandocejas.android10.sample.presentation.sambalib.nativefacade.BaseClient$BaseHandler.handleMessage(BaseClient.java:51)
03-17 15:57:58.809 7875-14861/com.qtec.router W/System.err:     at android.os.Handler.dispatchMessage(Handler.java:111)
03-17 15:57:58.810 7875-14861/com.qtec.router W/System.err:     at android.os.Looper.loop(Looper.java:207)
03-17 15:57:58.810 7875-14861/com.qtec.router W/System.err:     at com.fernandocejas.android10.sample.presentation.sambalib.nativefacade.SambaMessageLooper.prepare(SambaMessageLooper.java:75)
03-17 15:57:58.810 7875-14861/com.qtec.router W/System.err:     at com.fernandocejas.android10.sample.presentation.sambalib.nativefacade.SambaMessageLooper.access$000(SambaMessageLooper.java:24)
03-17 15:57:58.810 7875-14861/com.qtec.router W/System.err:     at com.fernandocejas.android10.sample.presentation.sambalib.nativefacade.SambaMessageLooper$1.run(SambaMessageLooper.java:29)
03-17 15:57:58.810 7875-14861/com.qtec.router W/System.err:     at java.lang.Thread.run(Thread.java:818)
03-17 15:57:58.810 7875-14861/com.qtec.router I/System.out: 图片备份11：上传发生异常 导致暂停 isStopRestorePicture = true
03-17 15:57:58.810 7875-7875/com.qtec.router W/System.err: java.lang.IllegalStateException: TimerTask is scheduled already
03-17 15:57:58.811 7875-7875/com.qtec.router W/System.err:     at java.util.Timer.scheduleImpl(Timer.java:569)
03-17 15:57:58.811 7875-7875/com.qtec.router W/System.err:     at java.util.Timer.schedule(Timer.java:478)
03-17 15:57:58.811 7875-7875/com.qtec.router W/System.err:     at com.fernandocejas.android10.sample.presentation.view.device.router.tools.safestore.utils.UploadUtils.startPicRestoreTimer(UploadUtils.java:156)
03-17 15:57:58.811 7875-7875/com.qtec.router W/System.err:     at com.fernandocejas.android10.sample.presentation.view.device.router.tools.safestore.UploadFragment$4.run(UploadFragment.java:375)
03-17 15:57:58.811 7875-7875/com.qtec.router W/System.err:     at android.os.Handler.handleCallback(Handler.java:815)
03-17 15:57:58.811 7875-7875/com.qtec.router W/System.err:     at android.os.Handler.dispatchMessage(Handler.java:104)
03-17 15:57:58.811 7875-7875/com.qtec.router W/System.err:     at android.os.Looper.loop(Looper.java:207)
03-17 15:57:58.811 7875-7875/com.qtec.router W/System.err:     at android.app.ActivityThread.main(ActivityThread.java:5710)
03-17 15:57:58.811 7875-7875/com.qtec.router W/System.err:     at java.lang.reflect.Method.invoke(Native Method)
03-17 15:57:58.811 7875-7875/com.qtec.router W/System.err:     at com.android.internal.os.ZygoteInit$MethodAndArgsCaller.run(ZygoteInit.java:900)
03-17 15:57:58.811 7875-7875/com.qtec.router W/System.err:     at com.android.internal.os.ZygoteInit.main(ZygoteInit.java:761)
03-17 15:57:58.813 7875-14861/com.qtec.router I/System.out: 图片备份定时器: stopPicRestoreTimer
03-17 15:57:58.926 7875-14862/com.qtec.router I/System.out: 图片备份定时器: startPicRestoreTimer
03-17 15:57:58.935 7875-7925/com.qtec.router E/NativeSambaClient: Failed to create a file at smb://192.168.1.1/qtec/来自：RedmiNote4/https:www.lgstatic.comiimage3M0025F7CgpOIFqX1CKARycCAAM9aninCk8197.JPG. Errno: 2.
03-17 15:57:58.936 7875-14863/com.qtec.router W/System.err: java.io.FileNotFoundException: Missing parent folders of smb://192.168.1.1/qtec/来自：RedmiNote4/https:www.lgstatic.comiimage3M0025F7CgpOIFqX1CKARycCAAM9aninCk8197.JPG
03-17 15:57:58.937 7875-14863/com.qtec.router W/System.err:     at com.fernandocejas.android10.sample.presentation.sambalib.nativefacade.NativeSambaFacade.createFile(Native Method)
03-17 15:57:58.937 7875-14863/com.qtec.router W/System.err:     at com.fernandocejas.android10.sample.presentation.sambalib.nativefacade.NativeSambaFacade.createFile(NativeSambaFacade.java:81)
03-17 15:57:58.937 7875-14863/com.qtec.router W/System.err:     at com.fernandocejas.android10.sample.presentation.sambalib.nativefacade.SambaFacadeClient$SambaServiceHandler.processMessage(SambaFacadeClient.java:204)
03-17 15:57:58.938 7875-14863/com.qtec.router W/System.err:     at com.fernandocejas.android10.sample.presentation.sambalib.nativefacade.BaseClient$BaseHandler.handleMessage(BaseClient.java:51)
03-17 15:57:58.938 7875-14863/com.qtec.router W/System.err:     at android.os.Handler.dispatchMessage(Handler.java:111)
03-17 15:57:58.939 7875-7875/com.qtec.router W/System.err: 	at java.lang.IllegalStateException: TimerTask is scheduled already
03-17 15:57:58.939 7875-7875/com.qtec.router W/System.err:     at java.util.Timer.scheduleImpl(Timer.java:569)
03-17 15:57:58.939 7875-7875/com.qtec.router W/System.err:     at java.util.Timer.schedule(Timer.java:478)
03-17 15:57:58.939 7875-7875/com.qtec.router W/System.err:     at com.fernandocejas.android10.sample.presentation.view.device.router.tools.safestore.utils.UploadUtils.startPicRestoreTimer(UploadUtils.java:156)
03-17 15:57:58.939 7875-7875/com.qtec.router W/System.err:     at com.fernandocejas.android10.sample.presentation.view.device.router.tools.safestore.UploadFragment$4.run(UploadFragment.java:375)
03-17 15:57:58.939 7875-7875/com.qtec.router W/System.err:     at android.os.Handler.handleCallback(Handler.java:815)
03-17 15:57:58.939 7875-7875/com.qtec.router W/System.err:     at android.os.Handler.dispatchMessage(Handler.java:104)
03-17 15:57:58.939 7875-7875/com.qtec.router W/System.err:     at android.os.Looper.loop(Looper.java:207)
03-17 15:57:58.939 7875-7875/com.qtec.router W/System.err:     at android.app.ActivityThread.main(ActivityThread.java:5710)
03-17 15:57:58.939 7875-7875/com.qtec.router W/System.err:     at java.lang.reflect.Method.invoke(Native Method)
03-17 15:57:58.940 7875-7875/com.qtec.router W/System.err:     at com.android.internal.os.ZygoteInit$MethodAndArgsCaller.run(ZygoteInit.java:900)
03-17 15:57:58.940 7875-7875/com.qtec.router W/System.err:     at com.android.internal.os.ZygoteInit.main(ZygoteInit.java:761)
03-17 15:57:58.946 7875-14863/com.qtec.router W/System.err: android.os.Looper.loop(Looper.java:207)
03-17 15:57:58.947 7875-14863/com.qtec.router W/System.err:     at com.fernandocejas.android10.sample.presentation.sambalib.nativefacade.SambaMessageLooper.prepare(SambaMessageLooper.java:75)
03-17 15:57:58.947 7875-14863/com.qtec.router W/System.err:     at com.fernandocejas.android10.sample.presentation.sambalib.nativefacade.SambaMessageLooper.access$000(SambaMessageLooper.java:24)
03-17 15:57:58.947 7875-14863/com.qtec.router W/System.err:     at com.fernandocejas.android10.sample.presentation.sambalib.nativefacade.SambaMessageLooper$1.run(SambaMessageLooper.java:29)
03-17 15:57:58.947 7875-14863/com.qtec.router W/System.err:     at java.lang.Thread.run(Thread.java:818)
03-17 15:57:58.955 7875-14863/com.qtec.router I/System.out: 图片备份11：上传发生异常 导致暂停 isStopRestorePicture = true
03-17 15:57:58.958 7875-14863/com.qtec.router I/System.out: 图片备份定时器: stopPicRestoreTimer
03-17 15:57:59.058 7875-14864/com.qtec.router I/System.out: 图片备份定时器: startPicRestoreTimer
03-17 15:57:59.068 7875-7925/com.qtec.router E/NativeSambaClient: Failed to create a file at smb://192.168.1.1/qtec/来自：RedmiNote4/https:www.lgstatic.comiimage3M0025F7CgpOIFqX1CKARycCAAM9aninCk8197.JPG. Errno: 2.
03-17 15:57:59.069 7875-14865/com.qtec.router W/System.err: java.io.FileNotFoundException: Missing parent folders of smb://192.168.1.1/qtec/来自：RedmiNote4/https:www.lgstatic.comiimage3M0025F7CgpOIFqX1CKARycCAAM9aninCk8197.JPG
03-17 15:57:59.070 7875-14865/com.qtec.router W/System.err:     at com.fernandocejas.android10.sample.presentation.sambalib.nativefacade.NativeSambaFacade.createFile(Native Method)
03-17 15:57:59.070 7875-14865/com.qtec.router W/System.err:     at com.fernandocejas.android10.sample.presentation.sambalib.nativefacade.NativeSambaFacade.createFile(NativeSambaFacade.java:81)
03-17 15:57:59.070 7875-14865/com.qtec.router W/System.err:     at com.fernandocejas.android10.sample.presentation.sambalib.nativefacade.SambaFacadeClient$SambaServiceHandler.processMessage(SambaFacadeClient.java:204)
03-17 15:57:59.070 7875-14865/com.qtec.router W/System.err:     at com.fernandocejas.android10.sample.presentation.sambalib.nativefacade.BaseClient$BaseHandler.handleMessage(BaseClient.java:51)
03-17 15:57:59.072 7875-14865/com.qtec.router W/System.err:     at android.os.Handler.dispatchMessage(Handler.java:111)
03-17 15:57:59.072 7875-14865/com.qtec.router W/System.err:     at android.os.Looper.loop(Looper.java:207)
